<!doctype html public "-//w3c//dtd html 4.0 transitional//en">
<html><head>
<title>Static Call Graph - [.\obj\TencentOS_tiny.axf]</title></head>
<body><HR>
<H1>Static Call Graph for image .\obj\TencentOS_tiny.axf</H1><HR>
<BR><P>#&#060CALLGRAPH&#062# ARM Linker, 6140002: Last Updated: Sat Jan  2 11:44:42 2021
<BR><P>
<H3>Maximum Stack Usage =       1448 bytes + Unknown(Functions without stacksize, Cycles, Untraceable Function Pointers)</H3><H3>
Call chain for Maximum Stack Depth:</H3>
application_entry &rArr; data_template_light_thread &rArr; IOT_Template_Construct &rArr; IOT_Template_Yield &rArr; IOT_MQTT_Yield &rArr; qcloud_iot_mqtt_yield &rArr; _handle_reconnect &rArr; qcloud_iot_mqtt_attempt_reconnect &rArr; qcloud_iot_mqtt_connect &rArr; _mqtt_connect &rArr; wait_for_read &rArr; cycle_for_read &rArr; _handle_publish_packet &rArr; deserialize_publish_packet &rArr; _read_string_with_len &rArr; IOT_Log_Gen &rArr; HAL_Timer_current &rArr; HAL_Timer_current_sec &rArr; HAL_GetTimeMs &rArr; tos_systick_get &rArr; tos_cpu_cpsr_save
<P>
<H3>
Functions with no stack information
</H3><UL>
 <LI><a href="#[459]">port_int_disable</a>
 <LI><a href="#[45a]">port_int_enable</a>
 <LI><a href="#[419]">port_cpsr_save</a>
 <LI><a href="#[418]">port_cpsr_restore</a>
 <LI><a href="#[417]">port_clz</a>
 <LI><a href="#[2a4]">port_sched_start</a>
 <LI><a href="#[29e]">port_context_switch</a>
 <LI><a href="#[2a2]">port_irq_context_switch</a>
 <LI><a href="#[13]">PendSV_Handler</a>
</UL>
</UL>
<P>
<H3>
Mutually Recursive functions
</H3> <LI><a href="#[27]">ADC1_IRQHandler</a>&nbsp;&nbsp;&nbsp;&rArr;&nbsp;&nbsp;&nbsp;<a href="#[27]">ADC1_IRQHandler</a><BR>
 <LI><a href="#[f]">BusFault_Handler</a>&nbsp;&nbsp;&nbsp;&rArr;&nbsp;&nbsp;&nbsp;<a href="#[f]">BusFault_Handler</a><BR>
 <LI><a href="#[d]">HardFault_Handler</a>&nbsp;&nbsp;&nbsp;&rArr;&nbsp;&nbsp;&nbsp;<a href="#[d]">HardFault_Handler</a><BR>
 <LI><a href="#[e]">MemManage_Handler</a>&nbsp;&nbsp;&nbsp;&rArr;&nbsp;&nbsp;&nbsp;<a href="#[e]">MemManage_Handler</a><BR>
 <LI><a href="#[10]">UsageFault_Handler</a>&nbsp;&nbsp;&nbsp;&rArr;&nbsp;&nbsp;&nbsp;<a href="#[10]">UsageFault_Handler</a><BR>
 <LI><a href="#[30f]">mbedtls_gcm_update</a>&nbsp;&nbsp;&nbsp;&rArr;&nbsp;&nbsp;&nbsp;<a href="#[29a]">mbedtls_cipher_update</a><BR>
 <LI><a href="#[6f]">knl_idle_entry</a>&nbsp;&nbsp;&nbsp;&rArr;&nbsp;&nbsp;&nbsp;<a href="#[6f]">knl_idle_entry</a><BR>
</UL>
<P>
<H3>
Function Pointers
</H3><UL>
 <LI><a href="#[27]">ADC1_IRQHandler</a> from startup_stm32l431xx.o(.text) referenced from startup_stm32l431xx.o(RESET)
 <LI><a href="#[f]">BusFault_Handler</a> from stm32l4xx_it_module.o(.text.BusFault_Handler) referenced from startup_stm32l431xx.o(RESET)
 <LI><a href="#[29]">CAN1_RX0_IRQHandler</a> from startup_stm32l431xx.o(.text) referenced from startup_stm32l431xx.o(RESET)
 <LI><a href="#[2a]">CAN1_RX1_IRQHandler</a> from startup_stm32l431xx.o(.text) referenced from startup_stm32l431xx.o(RESET)
 <LI><a href="#[2b]">CAN1_SCE_IRQHandler</a> from startup_stm32l431xx.o(.text) referenced from startup_stm32l431xx.o(RESET)
 <LI><a href="#[28]">CAN1_TX_IRQHandler</a> from startup_stm32l431xx.o(.text) referenced from startup_stm32l431xx.o(RESET)
 <LI><a href="#[46]">COMP_IRQHandler</a> from startup_stm32l431xx.o(.text) referenced from startup_stm32l431xx.o(RESET)
 <LI><a href="#[54]">CRS_IRQHandler</a> from startup_stm32l431xx.o(.text) referenced from startup_stm32l431xx.o(RESET)
 <LI><a href="#[20]">DMA1_Channel1_IRQHandler</a> from startup_stm32l431xx.o(.text) referenced from startup_stm32l431xx.o(RESET)
 <LI><a href="#[21]">DMA1_Channel2_IRQHandler</a> from startup_stm32l431xx.o(.text) referenced from startup_stm32l431xx.o(RESET)
 <LI><a href="#[22]">DMA1_Channel3_IRQHandler</a> from startup_stm32l431xx.o(.text) referenced from startup_stm32l431xx.o(RESET)
 <LI><a href="#[23]">DMA1_Channel4_IRQHandler</a> from startup_stm32l431xx.o(.text) referenced from startup_stm32l431xx.o(RESET)
 <LI><a href="#[24]">DMA1_Channel5_IRQHandler</a> from startup_stm32l431xx.o(.text) referenced from startup_stm32l431xx.o(RESET)
 <LI><a href="#[25]">DMA1_Channel6_IRQHandler</a> from startup_stm32l431xx.o(.text) referenced from startup_stm32l431xx.o(RESET)
 <LI><a href="#[26]">DMA1_Channel7_IRQHandler</a> from startup_stm32l431xx.o(.text) referenced from startup_stm32l431xx.o(RESET)
 <LI><a href="#[41]">DMA2_Channel1_IRQHandler</a> from startup_stm32l431xx.o(.text) referenced from startup_stm32l431xx.o(RESET)
 <LI><a href="#[42]">DMA2_Channel2_IRQHandler</a> from startup_stm32l431xx.o(.text) referenced from startup_stm32l431xx.o(RESET)
 <LI><a href="#[43]">DMA2_Channel3_IRQHandler</a> from startup_stm32l431xx.o(.text) referenced from startup_stm32l431xx.o(RESET)
 <LI><a href="#[44]">DMA2_Channel4_IRQHandler</a> from startup_stm32l431xx.o(.text) referenced from startup_stm32l431xx.o(RESET)
 <LI><a href="#[45]">DMA2_Channel5_IRQHandler</a> from startup_stm32l431xx.o(.text) referenced from startup_stm32l431xx.o(RESET)
 <LI><a href="#[49]">DMA2_Channel6_IRQHandler</a> from startup_stm32l431xx.o(.text) referenced from startup_stm32l431xx.o(RESET)
 <LI><a href="#[4a]">DMA2_Channel7_IRQHandler</a> from startup_stm32l431xx.o(.text) referenced from startup_stm32l431xx.o(RESET)
 <LI><a href="#[12]">DebugMon_Handler</a> from stm32l4xx_it_module.o(.text.DebugMon_Handler) referenced from startup_stm32l431xx.o(RESET)
 <LI><a href="#[1b]">EXTI0_IRQHandler</a> from startup_stm32l431xx.o(.text) referenced from startup_stm32l431xx.o(RESET)
 <LI><a href="#[3b]">EXTI15_10_IRQHandler</a> from startup_stm32l431xx.o(.text) referenced from startup_stm32l431xx.o(RESET)
 <LI><a href="#[1c]">EXTI1_IRQHandler</a> from stm32l4xx_it_module.o(.text.EXTI1_IRQHandler) referenced from startup_stm32l431xx.o(RESET)
 <LI><a href="#[1d]">EXTI2_IRQHandler</a> from stm32l4xx_it_module.o(.text.EXTI2_IRQHandler) referenced from startup_stm32l431xx.o(RESET)
 <LI><a href="#[1e]">EXTI3_IRQHandler</a> from stm32l4xx_it_module.o(.text.EXTI3_IRQHandler) referenced from startup_stm32l431xx.o(RESET)
 <LI><a href="#[1f]">EXTI4_IRQHandler</a> from startup_stm32l431xx.o(.text) referenced from startup_stm32l431xx.o(RESET)
 <LI><a href="#[2c]">EXTI9_5_IRQHandler</a> from startup_stm32l431xx.o(.text) referenced from startup_stm32l431xx.o(RESET)
 <LI><a href="#[19]">FLASH_IRQHandler</a> from startup_stm32l431xx.o(.text) referenced from startup_stm32l431xx.o(RESET)
 <LI><a href="#[53]">FPU_IRQHandler</a> from startup_stm32l431xx.o(.text) referenced from startup_stm32l431xx.o(RESET)
 <LI><a href="#[89]">HAL_Free</a> from hal_os_tencentos_tiny.o(.text.HAL_Free) referenced 2 times from mqtt_client.o(.text.qcloud_iot_mqtt_init)
 <LI><a href="#[89]">HAL_Free</a> from hal_os_tencentos_tiny.o(.text.HAL_Free) referenced 2 times from data_template_client_manager.o(.text.qcloud_iot_template_init)
 <LI><a href="#[d]">HardFault_Handler</a> from stm32l4xx_it_module.o(.text.HardFault_Handler) referenced from startup_stm32l431xx.o(RESET)
 <LI><a href="#[33]">I2C1_ER_IRQHandler</a> from startup_stm32l431xx.o(.text) referenced from startup_stm32l431xx.o(RESET)
 <LI><a href="#[32]">I2C1_EV_IRQHandler</a> from startup_stm32l431xx.o(.text) referenced from startup_stm32l431xx.o(RESET)
 <LI><a href="#[35]">I2C2_ER_IRQHandler</a> from startup_stm32l431xx.o(.text) referenced from startup_stm32l431xx.o(RESET)
 <LI><a href="#[34]">I2C2_EV_IRQHandler</a> from startup_stm32l431xx.o(.text) referenced from startup_stm32l431xx.o(RESET)
 <LI><a href="#[4e]">I2C3_ER_IRQHandler</a> from startup_stm32l431xx.o(.text) referenced from startup_stm32l431xx.o(RESET)
 <LI><a href="#[4d]">I2C3_EV_IRQHandler</a> from startup_stm32l431xx.o(.text) referenced from startup_stm32l431xx.o(RESET)
 <LI><a href="#[47]">LPTIM1_IRQHandler</a> from startup_stm32l431xx.o(.text) referenced from startup_stm32l431xx.o(RESET)
 <LI><a href="#[48]">LPTIM2_IRQHandler</a> from startup_stm32l431xx.o(.text) referenced from startup_stm32l431xx.o(RESET)
 <LI><a href="#[4b]">LPUART1_IRQHandler</a> from stm32l4xx_it_module.o(.text.LPUART1_IRQHandler) referenced from startup_stm32l431xx.o(RESET)
 <LI><a href="#[e]">MemManage_Handler</a> from stm32l4xx_it_module.o(.text.MemManage_Handler) referenced from startup_stm32l431xx.o(RESET)
 <LI><a href="#[c]">NMI_Handler</a> from stm32l4xx_it_module.o(.text.NMI_Handler) referenced from startup_stm32l431xx.o(RESET)
 <LI><a href="#[69]">OnActionCallback</a> from data_template_sample.o(.text.OnActionCallback) referenced 2 times from data_template_sample.o(.text._register_data_template_action)
 <LI><a href="#[6a]">OnControlMsgCallback</a> from data_template_sample.o(.text.OnControlMsgCallback) referenced 2 times from data_template_sample.o(.text._register_data_template_property)
 <LI><a href="#[6c]">OnReportReplyCallback</a> from data_template_sample.o(.text.OnReportReplyCallback) referenced 4 times from data_template_sample.o(.text.data_template_light_thread)
 <LI><a href="#[16]">PVD_PVM_IRQHandler</a> from startup_stm32l431xx.o(.text) referenced from startup_stm32l431xx.o(RESET)
 <LI><a href="#[13]">PendSV_Handler</a> from port_s.o(.text) referenced from startup_stm32l431xx.o(RESET)
 <LI><a href="#[4c]">QUADSPI_IRQHandler</a> from startup_stm32l431xx.o(.text) referenced from startup_stm32l431xx.o(RESET)
 <LI><a href="#[1a]">RCC_IRQHandler</a> from startup_stm32l431xx.o(.text) referenced from startup_stm32l431xx.o(RESET)
 <LI><a href="#[52]">RNG_IRQHandler</a> from startup_stm32l431xx.o(.text) referenced from startup_stm32l431xx.o(RESET)
 <LI><a href="#[3c]">RTC_Alarm_IRQHandler</a> from startup_stm32l431xx.o(.text) referenced from startup_stm32l431xx.o(RESET)
 <LI><a href="#[18]">RTC_WKUP_IRQHandler</a> from startup_stm32l431xx.o(.text) referenced from startup_stm32l431xx.o(RESET)
 <LI><a href="#[b]">Reset_Handler</a> from startup_stm32l431xx.o(.text) referenced from startup_stm32l431xx.o(RESET)
 <LI><a href="#[4f]">SAI1_IRQHandler</a> from startup_stm32l431xx.o(.text) referenced from startup_stm32l431xx.o(RESET)
 <LI><a href="#[3d]">SDMMC1_IRQHandler</a> from startup_stm32l431xx.o(.text) referenced from startup_stm32l431xx.o(RESET)
 <LI><a href="#[36]">SPI1_IRQHandler</a> from startup_stm32l431xx.o(.text) referenced from startup_stm32l431xx.o(RESET)
 <LI><a href="#[37]">SPI2_IRQHandler</a> from startup_stm32l431xx.o(.text) referenced from startup_stm32l431xx.o(RESET)
 <LI><a href="#[3e]">SPI3_IRQHandler</a> from startup_stm32l431xx.o(.text) referenced from startup_stm32l431xx.o(RESET)
 <LI><a href="#[11]">SVC_Handler</a> from stm32l4xx_it_module.o(.text.SVC_Handler) referenced from startup_stm32l431xx.o(RESET)
 <LI><a href="#[50]">SWPMI1_IRQHandler</a> from startup_stm32l431xx.o(.text) referenced from startup_stm32l431xx.o(RESET)
 <LI><a href="#[14]">SysTick_Handler</a> from stm32l4xx_it_module.o(.text.SysTick_Handler) referenced from startup_stm32l431xx.o(RESET)
 <LI><a href="#[56]">SystemInit</a> from system_stm32l4xx.o(.text.SystemInit) referenced from startup_stm32l431xx.o(.text)
 <LI><a href="#[17]">TAMP_STAMP_IRQHandler</a> from startup_stm32l431xx.o(.text) referenced from startup_stm32l431xx.o(RESET)
 <LI><a href="#[2d]">TIM1_BRK_TIM15_IRQHandler</a> from startup_stm32l431xx.o(.text) referenced from startup_stm32l431xx.o(RESET)
 <LI><a href="#[30]">TIM1_CC_IRQHandler</a> from startup_stm32l431xx.o(.text) referenced from startup_stm32l431xx.o(RESET)
 <LI><a href="#[2f]">TIM1_TRG_COM_IRQHandler</a> from startup_stm32l431xx.o(.text) referenced from startup_stm32l431xx.o(RESET)
 <LI><a href="#[2e]">TIM1_UP_TIM16_IRQHandler</a> from startup_stm32l431xx.o(.text) referenced from startup_stm32l431xx.o(RESET)
 <LI><a href="#[31]">TIM2_IRQHandler</a> from startup_stm32l431xx.o(.text) referenced from startup_stm32l431xx.o(RESET)
 <LI><a href="#[3f]">TIM6_DAC_IRQHandler</a> from startup_stm32l431xx.o(.text) referenced from startup_stm32l431xx.o(RESET)
 <LI><a href="#[40]">TIM7_IRQHandler</a> from startup_stm32l431xx.o(.text) referenced from startup_stm32l431xx.o(RESET)
 <LI><a href="#[51]">TSC_IRQHandler</a> from startup_stm32l431xx.o(.text) referenced from startup_stm32l431xx.o(RESET)
 <LI><a href="#[60]">UART_DMAAbortOnError</a> from stm32l4xx_hal_uart.o(.text.UART_DMAAbortOnError) referenced 2 times from stm32l4xx_hal_uart.o(.text.HAL_UART_IRQHandler)
 <LI><a href="#[62]">UART_RxISR_16BIT</a> from stm32l4xx_hal_uart.o(.text.UART_RxISR_16BIT) referenced 2 times from stm32l4xx_hal_uart.o(.text.HAL_UART_Receive_IT)
 <LI><a href="#[61]">UART_RxISR_8BIT</a> from stm32l4xx_hal_uart.o(.text.UART_RxISR_8BIT) referenced 2 times from stm32l4xx_hal_uart.o(.text.HAL_UART_Receive_IT)
 <LI><a href="#[38]">USART1_IRQHandler</a> from startup_stm32l431xx.o(.text) referenced from startup_stm32l431xx.o(RESET)
 <LI><a href="#[39]">USART2_IRQHandler</a> from stm32l4xx_it_module.o(.text.USART2_IRQHandler) referenced from startup_stm32l431xx.o(RESET)
 <LI><a href="#[3a]">USART3_IRQHandler</a> from stm32l4xx_it_module.o(.text.USART3_IRQHandler) referenced from startup_stm32l431xx.o(RESET)
 <LI><a href="#[10]">UsageFault_Handler</a> from stm32l4xx_it_module.o(.text.UsageFault_Handler) referenced from startup_stm32l431xx.o(RESET)
 <LI><a href="#[15]">WWDG_IRQHandler</a> from startup_stm32l431xx.o(.text) referenced from startup_stm32l431xx.o(RESET)
 <LI><a href="#[57]">__main</a> from entry.o(.ARM.Collect$$$$00000000) referenced from startup_stm32l431xx.o(.text)
 <LI><a href="#[65]">_get_status_reply_ack_cb</a> from data_template_client.o(.text._get_status_reply_ack_cb) referenced 2 times from data_template_client.o(.text.IOT_Template_GetStatus_sync)
 <LI><a href="#[6d]">_handle_template_expired_reply_callback</a> from data_template_client_manager.o(.text._handle_template_expired_reply_callback) referenced 2 times from data_template_client_manager.o(.text.handle_template_expired_reply)
 <LI><a href="#[68]">_handle_template_reply_callback</a> from data_template_client_manager.o(.text._handle_template_reply_callback) referenced 2 times from data_template_client_manager.o(.text._on_template_downstream_topic_handler)
 <LI><a href="#[63]">_on_action_handle_callback</a> from data_template_aciton.o(.text._on_action_handle_callback) referenced 2 times from data_template_aciton.o(.text.IOT_Action_Init)
 <LI><a href="#[8c]">_on_template_downstream_topic_handler</a> from data_template_client_manager.o(.text._on_template_downstream_topic_handler) referenced 2 times from data_template_client_manager.o(.text.subscribe_template_downstream_topic)
 <LI><a href="#[66]">_reply_ack_cb</a> from data_template_client.o(.text._reply_ack_cb) referenced 2 times from data_template_client.o(.text.IOT_Template_Report_SysInfo_Sync)
 <LI><a href="#[59]">_sbackspace</a> from _sgetc.o(.text) referenced from __0sscanf.o(.text)
 <LI><a href="#[5a]">_scanf_char_input</a> from scanf_char.o(.text) referenced from scanf_char.o(.text)
 <LI><a href="#[58]">_sgetc</a> from _sgetc.o(.text) referenced from __0sscanf.o(.text)
 <LI><a href="#[90]">_snputc</a> from printfa.o(i._snputc) referenced from printfa.o(i.__0snprintf)
 <LI><a href="#[90]">_snputc</a> from printfa.o(i._snputc) referenced from printfa.o(i.__0vsnprintf)
 <LI><a href="#[64]">_template_mqtt_event_handler</a> from data_template_client.o(.text._template_mqtt_event_handler) referenced 2 times from data_template_client.o(.text.IOT_Template_Construct)
 <LI><a href="#[72]">add_one_and_zeros_padding</a> from cipher.o(.text.add_one_and_zeros_padding) referenced 2 times from cipher.o(.text.mbedtls_cipher_set_padding_mode)
 <LI><a href="#[70]">add_pkcs_padding</a> from cipher.o(.text.add_pkcs_padding) referenced 2 times from cipher.o(.text.mbedtls_cipher_set_padding_mode)
 <LI><a href="#[74]">add_zeros_and_len_padding</a> from cipher.o(.text.add_zeros_and_len_padding) referenced 2 times from cipher.o(.text.mbedtls_cipher_set_padding_mode)
 <LI><a href="#[76]">add_zeros_padding</a> from cipher.o(.text.add_zeros_padding) referenced 2 times from cipher.o(.text.mbedtls_cipher_set_padding_mode)
 <LI><a href="#[92]">aes_crypt_cbc_wrap</a> from cipher_wrap.o(.text.aes_crypt_cbc_wrap) referenced from cipher_wrap.o(.rodata.aes_info)
 <LI><a href="#[93]">aes_crypt_cfb128_wrap</a> from cipher_wrap.o(.text.aes_crypt_cfb128_wrap) referenced from cipher_wrap.o(.rodata.aes_info)
 <LI><a href="#[94]">aes_crypt_ctr_wrap</a> from cipher_wrap.o(.text.aes_crypt_ctr_wrap) referenced from cipher_wrap.o(.rodata.aes_info)
 <LI><a href="#[91]">aes_crypt_ecb_wrap</a> from cipher_wrap.o(.text.aes_crypt_ecb_wrap) referenced from cipher_wrap.o(.rodata.aes_info)
 <LI><a href="#[97]">aes_ctx_alloc</a> from cipher_wrap.o(.text.aes_ctx_alloc) referenced from cipher_wrap.o(.rodata.aes_info)
 <LI><a href="#[98]">aes_ctx_free</a> from cipher_wrap.o(.text.aes_ctx_free) referenced from cipher_wrap.o(.rodata.aes_info)
 <LI><a href="#[96]">aes_setkey_dec_wrap</a> from cipher_wrap.o(.text.aes_setkey_dec_wrap) referenced from cipher_wrap.o(.rodata.aes_info)
 <LI><a href="#[95]">aes_setkey_enc_wrap</a> from cipher_wrap.o(.text.aes_setkey_enc_wrap) referenced from cipher_wrap.o(.rodata.aes_info)
 <LI><a href="#[d2]">application_entry</a> from entry.o(.text.application_entry) referenced from main.o(.rodata.os_thread_def_application_entry)
 <LI><a href="#[8d]">at_parser</a> from tos_at.o(.text.at_parser) referenced 2 times from tos_at.o(.text.tos_at_init)
 <LI><a href="#[9a]">camellia_crypt_cbc_wrap</a> from cipher_wrap.o(.text.camellia_crypt_cbc_wrap) referenced from cipher_wrap.o(.rodata.camellia_info)
 <LI><a href="#[9b]">camellia_crypt_cfb128_wrap</a> from cipher_wrap.o(.text.camellia_crypt_cfb128_wrap) referenced from cipher_wrap.o(.rodata.camellia_info)
 <LI><a href="#[9c]">camellia_crypt_ctr_wrap</a> from cipher_wrap.o(.text.camellia_crypt_ctr_wrap) referenced from cipher_wrap.o(.rodata.camellia_info)
 <LI><a href="#[99]">camellia_crypt_ecb_wrap</a> from cipher_wrap.o(.text.camellia_crypt_ecb_wrap) referenced from cipher_wrap.o(.rodata.camellia_info)
 <LI><a href="#[9f]">camellia_ctx_alloc</a> from cipher_wrap.o(.text.camellia_ctx_alloc) referenced from cipher_wrap.o(.rodata.camellia_info)
 <LI><a href="#[a0]">camellia_ctx_free</a> from cipher_wrap.o(.text.camellia_ctx_free) referenced from cipher_wrap.o(.rodata.camellia_info)
 <LI><a href="#[9e]">camellia_setkey_dec_wrap</a> from cipher_wrap.o(.text.camellia_setkey_dec_wrap) referenced from cipher_wrap.o(.rodata.camellia_info)
 <LI><a href="#[9d]">camellia_setkey_enc_wrap</a> from cipher_wrap.o(.text.camellia_setkey_enc_wrap) referenced from cipher_wrap.o(.rodata.camellia_info)
 <LI><a href="#[a1]">ccm_aes_setkey_wrap</a> from cipher_wrap.o(.text.ccm_aes_setkey_wrap) referenced 2 times from cipher_wrap.o(.rodata.ccm_aes_info)
 <LI><a href="#[a4]">ccm_camellia_setkey_wrap</a> from cipher_wrap.o(.text.ccm_camellia_setkey_wrap) referenced 2 times from cipher_wrap.o(.rodata.ccm_camellia_info)
 <LI><a href="#[a2]">ccm_ctx_alloc</a> from cipher_wrap.o(.text.ccm_ctx_alloc) referenced from cipher_wrap.o(.rodata.ccm_aes_info)
 <LI><a href="#[a2]">ccm_ctx_alloc</a> from cipher_wrap.o(.text.ccm_ctx_alloc) referenced from cipher_wrap.o(.rodata.ccm_camellia_info)
 <LI><a href="#[a3]">ccm_ctx_free</a> from cipher_wrap.o(.text.ccm_ctx_free) referenced from cipher_wrap.o(.rodata.ccm_aes_info)
 <LI><a href="#[a3]">ccm_ctx_free</a> from cipher_wrap.o(.text.ccm_ctx_free) referenced from cipher_wrap.o(.rodata.ccm_camellia_info)
 <LI><a href="#[a6]">des3_crypt_cbc_wrap</a> from cipher_wrap.o(.text.des3_crypt_cbc_wrap) referenced from cipher_wrap.o(.rodata.des_ede3_info)
 <LI><a href="#[a6]">des3_crypt_cbc_wrap</a> from cipher_wrap.o(.text.des3_crypt_cbc_wrap) referenced from cipher_wrap.o(.rodata.des_ede_info)
 <LI><a href="#[a5]">des3_crypt_ecb_wrap</a> from cipher_wrap.o(.text.des3_crypt_ecb_wrap) referenced from cipher_wrap.o(.rodata.des_ede3_info)
 <LI><a href="#[a5]">des3_crypt_ecb_wrap</a> from cipher_wrap.o(.text.des3_crypt_ecb_wrap) referenced from cipher_wrap.o(.rodata.des_ede_info)
 <LI><a href="#[a9]">des3_ctx_alloc</a> from cipher_wrap.o(.text.des3_ctx_alloc) referenced from cipher_wrap.o(.rodata.des_ede3_info)
 <LI><a href="#[a9]">des3_ctx_alloc</a> from cipher_wrap.o(.text.des3_ctx_alloc) referenced from cipher_wrap.o(.rodata.des_ede_info)
 <LI><a href="#[aa]">des3_ctx_free</a> from cipher_wrap.o(.text.des3_ctx_free) referenced from cipher_wrap.o(.rodata.des_ede3_info)
 <LI><a href="#[aa]">des3_ctx_free</a> from cipher_wrap.o(.text.des3_ctx_free) referenced from cipher_wrap.o(.rodata.des_ede_info)
 <LI><a href="#[ac]">des3_set2key_dec_wrap</a> from cipher_wrap.o(.text.des3_set2key_dec_wrap) referenced from cipher_wrap.o(.rodata.des_ede_info)
 <LI><a href="#[ab]">des3_set2key_enc_wrap</a> from cipher_wrap.o(.text.des3_set2key_enc_wrap) referenced from cipher_wrap.o(.rodata.des_ede_info)
 <LI><a href="#[a8]">des3_set3key_dec_wrap</a> from cipher_wrap.o(.text.des3_set3key_dec_wrap) referenced from cipher_wrap.o(.rodata.des_ede3_info)
 <LI><a href="#[a7]">des3_set3key_enc_wrap</a> from cipher_wrap.o(.text.des3_set3key_enc_wrap) referenced from cipher_wrap.o(.rodata.des_ede3_info)
 <LI><a href="#[ae]">des_crypt_cbc_wrap</a> from cipher_wrap.o(.text.des_crypt_cbc_wrap) referenced from cipher_wrap.o(.rodata.des_info)
 <LI><a href="#[ad]">des_crypt_ecb_wrap</a> from cipher_wrap.o(.text.des_crypt_ecb_wrap) referenced from cipher_wrap.o(.rodata.des_info)
 <LI><a href="#[b1]">des_ctx_alloc</a> from cipher_wrap.o(.text.des_ctx_alloc) referenced from cipher_wrap.o(.rodata.des_info)
 <LI><a href="#[b2]">des_ctx_free</a> from cipher_wrap.o(.text.des_ctx_free) referenced from cipher_wrap.o(.rodata.des_info)
 <LI><a href="#[b0]">des_setkey_dec_wrap</a> from cipher_wrap.o(.text.des_setkey_dec_wrap) referenced from cipher_wrap.o(.rodata.des_info)
 <LI><a href="#[af]">des_setkey_enc_wrap</a> from cipher_wrap.o(.text.des_setkey_enc_wrap) referenced from cipher_wrap.o(.rodata.des_info)
 <LI><a href="#[a]">esp8266_close</a> from esp8266.o(.text.esp8266_close) referenced 2 times from esp8266.o(.data.sal_module_esp8266)
 <LI><a href="#[3]">esp8266_connect</a> from esp8266.o(.text.esp8266_connect) referenced 2 times from esp8266.o(.data.sal_module_esp8266)
 <LI><a href="#[0]">esp8266_incoming_data_process</a> from esp8266.o(.text.esp8266_incoming_data_process) referenced 2 times from esp8266.o(.data.esp8266_at_event)
 <LI><a href="#[1]">esp8266_init</a> from esp8266.o(.text.esp8266_init) referenced 2 times from esp8266.o(.data.sal_module_esp8266)
 <LI><a href="#[2]">esp8266_parse_domain</a> from esp8266.o(.text.esp8266_parse_domain) referenced 2 times from esp8266.o(.data.sal_module_esp8266)
 <LI><a href="#[6]">esp8266_recv</a> from esp8266.o(.text.esp8266_recv) referenced 2 times from esp8266.o(.data.sal_module_esp8266)
 <LI><a href="#[5]">esp8266_recv_timeout</a> from esp8266.o(.text.esp8266_recv_timeout) referenced 2 times from esp8266.o(.data.sal_module_esp8266)
 <LI><a href="#[8]">esp8266_recvfrom</a> from esp8266.o(.text.esp8266_recvfrom) referenced 2 times from esp8266.o(.data.sal_module_esp8266)
 <LI><a href="#[9]">esp8266_recvfrom_timeout</a> from esp8266.o(.text.esp8266_recvfrom_timeout) referenced 2 times from esp8266.o(.data.sal_module_esp8266)
 <LI><a href="#[4]">esp8266_send</a> from esp8266.o(.text.esp8266_send) referenced 2 times from esp8266.o(.data.sal_module_esp8266)
 <LI><a href="#[7]">esp8266_sendto</a> from esp8266.o(.text.esp8266_sendto) referenced 2 times from esp8266.o(.data.sal_module_esp8266)
 <LI><a href="#[6b]">event_handler</a> from data_template_sample.o(.text.event_handler) referenced 2 times from data_template_sample.o(.text._setup_connect_init_params)
 <LI><a href="#[8f]">fputc</a> from mcu_init.o(.text.fputc) referenced from printfa.o(i.__0printf)
 <LI><a href="#[8f]">fputc</a> from mcu_init.o(.text.fputc) referenced from printfa.o(i.__0vprintf)
 <LI><a href="#[b3]">gcm_aes_setkey_wrap</a> from cipher_wrap.o(.text.gcm_aes_setkey_wrap) referenced 2 times from cipher_wrap.o(.rodata.gcm_aes_info)
 <LI><a href="#[b6]">gcm_camellia_setkey_wrap</a> from cipher_wrap.o(.text.gcm_camellia_setkey_wrap) referenced 2 times from cipher_wrap.o(.rodata.gcm_camellia_info)
 <LI><a href="#[b4]">gcm_ctx_alloc</a> from cipher_wrap.o(.text.gcm_ctx_alloc) referenced from cipher_wrap.o(.rodata.gcm_aes_info)
 <LI><a href="#[b4]">gcm_ctx_alloc</a> from cipher_wrap.o(.text.gcm_ctx_alloc) referenced from cipher_wrap.o(.rodata.gcm_camellia_info)
 <LI><a href="#[b5]">gcm_ctx_free</a> from cipher_wrap.o(.text.gcm_ctx_free) referenced from cipher_wrap.o(.rodata.gcm_aes_info)
 <LI><a href="#[b5]">gcm_ctx_free</a> from cipher_wrap.o(.text.gcm_ctx_free) referenced from cipher_wrap.o(.rodata.gcm_camellia_info)
 <LI><a href="#[78]">get_no_padding</a> from cipher.o(.text.get_no_padding) referenced 2 times from cipher.o(.text.mbedtls_cipher_set_padding_mode)
 <LI><a href="#[73]">get_one_and_zeros_padding</a> from cipher.o(.text.get_one_and_zeros_padding) referenced 2 times from cipher.o(.text.mbedtls_cipher_set_padding_mode)
 <LI><a href="#[71]">get_pkcs_padding</a> from cipher.o(.text.get_pkcs_padding) referenced 2 times from cipher.o(.text.mbedtls_cipher_set_padding_mode)
 <LI><a href="#[75]">get_zeros_and_len_padding</a> from cipher.o(.text.get_zeros_and_len_padding) referenced 2 times from cipher.o(.text.mbedtls_cipher_set_padding_mode)
 <LI><a href="#[77]">get_zeros_padding</a> from cipher.o(.text.get_zeros_padding) referenced 2 times from cipher.o(.text.mbedtls_cipher_set_padding_mode)
 <LI><a href="#[88]">is_network_connected</a> from network_interface.o(.text.is_network_connected) referenced 2 times from network_interface.o(.text.network_init)
 <LI><a href="#[5b]">isspace</a> from isspace_c.o(.text) referenced from scanf_char.o(.text)
 <LI><a href="#[6e]">json_get_value_by_name_cb</a> from json_parser.o(.text.json_get_value_by_name_cb) referenced 2 times from json_parser.o(.text.json_get_value_by_name)
 <LI><a href="#[6f]">knl_idle_entry</a> from tos_sys.o(.text.knl_idle_entry) referenced 2 times from tos_sys.o(.text.knl_idle_init)
 <LI><a href="#[55]">main</a> from main.o(.text.main) referenced from entry9a.o(.ARM.Collect$$$$0000000B)
 <LI><a href="#[5c]">mbedtls_ctr_drbg_random</a> from ctr_drbg.o(.text.mbedtls_ctr_drbg_random) referenced 2 times from hal_tls_mbedtls.o(.text.HAL_TLS_Connect)
 <LI><a href="#[67]">mbedtls_entropy_func</a> from entropy.o(.text.mbedtls_entropy_func) referenced 2 times from hal_tls_mbedtls.o(.text._mbedtls_client_init)
 <LI><a href="#[79]">mbedtls_hardware_poll</a> from entropy_hardware_alt.o(.text.mbedtls_hardware_poll) referenced 2 times from entropy.o(.text.mbedtls_entropy_init)
 <LI><a href="#[ba]">mbedtls_md5_ret</a> from md5.o(.text.mbedtls_md5_ret) referenced from md_wrap.o(.rodata.mbedtls_md5_info)
 <LI><a href="#[5f]">mbedtls_net_recv</a> from net_module_alt.o(.text.mbedtls_net_recv) referenced 2 times from hal_tls_mbedtls.o(.text.HAL_TLS_Connect)
 <LI><a href="#[5d]">mbedtls_net_recv_timeout</a> from net_module_alt.o(.text.mbedtls_net_recv_timeout) referenced 2 times from hal_tls_mbedtls.o(.text.HAL_TLS_Connect)
 <LI><a href="#[5e]">mbedtls_net_send</a> from net_module_alt.o(.text.mbedtls_net_send) referenced 2 times from hal_tls_mbedtls.o(.text.HAL_TLS_Connect)
 <LI><a href="#[c2]">mbedtls_sha1_ret</a> from sha1.o(.text.mbedtls_sha1_ret) referenced from md_wrap.o(.rodata.mbedtls_sha1_info)
 <LI><a href="#[bd]">md5_clone_wrap</a> from md_wrap.o(.text.md5_clone_wrap) referenced from md_wrap.o(.rodata.mbedtls_md5_info)
 <LI><a href="#[bb]">md5_ctx_alloc</a> from md_wrap.o(.text.md5_ctx_alloc) referenced from md_wrap.o(.rodata.mbedtls_md5_info)
 <LI><a href="#[bc]">md5_ctx_free</a> from md_wrap.o(.text.md5_ctx_free) referenced from md_wrap.o(.rodata.mbedtls_md5_info)
 <LI><a href="#[b9]">md5_finish_wrap</a> from md_wrap.o(.text.md5_finish_wrap) referenced from md_wrap.o(.rodata.mbedtls_md5_info)
 <LI><a href="#[be]">md5_process_wrap</a> from md_wrap.o(.text.md5_process_wrap) referenced from md_wrap.o(.rodata.mbedtls_md5_info)
 <LI><a href="#[b7]">md5_starts_wrap</a> from md_wrap.o(.text.md5_starts_wrap) referenced from md_wrap.o(.rodata.mbedtls_md5_info)
 <LI><a href="#[b8]">md5_update_wrap</a> from md_wrap.o(.text.md5_update_wrap) referenced from md_wrap.o(.rodata.mbedtls_md5_info)
 <LI><a href="#[d1]">memset</a> from memseta.o(.text) referenced from platform_util.o(.rodata.memset_func)
 <LI><a href="#[86]">network_tcp_connect</a> from network_socket.o(.text.network_tcp_connect) referenced 2 times from network_interface.o(.text.network_init)
 <LI><a href="#[83]">network_tcp_disconnect</a> from network_socket.o(.text.network_tcp_disconnect) referenced 2 times from network_interface.o(.text.network_init)
 <LI><a href="#[87]">network_tcp_init</a> from network_socket.o(.text.network_tcp_init) referenced 2 times from network_interface.o(.text.network_init)
 <LI><a href="#[85]">network_tcp_read</a> from network_socket.o(.text.network_tcp_read) referenced 2 times from network_interface.o(.text.network_init)
 <LI><a href="#[84]">network_tcp_write</a> from network_socket.o(.text.network_tcp_write) referenced 2 times from network_interface.o(.text.network_init)
 <LI><a href="#[81]">network_tls_connect</a> from network_tls.o(.text.network_tls_connect) referenced 2 times from network_interface.o(.text.network_init)
 <LI><a href="#[7e]">network_tls_disconnect</a> from network_tls.o(.text.network_tls_disconnect) referenced 2 times from network_interface.o(.text.network_init)
 <LI><a href="#[82]">network_tls_init</a> from network_tls.o(.text.network_tls_init) referenced 2 times from network_interface.o(.text.network_init)
 <LI><a href="#[80]">network_tls_read</a> from network_tls.o(.text.network_tls_read) referenced 2 times from network_interface.o(.text.network_init)
 <LI><a href="#[7f]">network_tls_write</a> from network_tls.o(.text.network_tls_write) referenced 2 times from network_interface.o(.text.network_init)
 <LI><a href="#[8a]">qcloud_iot_mqtt_tls_is_connected</a> from mqtt_client_net.o(.text.qcloud_iot_mqtt_tls_is_connected) referenced 2 times from mqtt_client_net.o(.text.qcloud_iot_mqtt_network_init)
 <LI><a href="#[c5]">sha1_clone_wrap</a> from md_wrap.o(.text.sha1_clone_wrap) referenced from md_wrap.o(.rodata.mbedtls_sha1_info)
 <LI><a href="#[c3]">sha1_ctx_alloc</a> from md_wrap.o(.text.sha1_ctx_alloc) referenced from md_wrap.o(.rodata.mbedtls_sha1_info)
 <LI><a href="#[c4]">sha1_ctx_free</a> from md_wrap.o(.text.sha1_ctx_free) referenced from md_wrap.o(.rodata.mbedtls_sha1_info)
 <LI><a href="#[c1]">sha1_finish_wrap</a> from md_wrap.o(.text.sha1_finish_wrap) referenced from md_wrap.o(.rodata.mbedtls_sha1_info)
 <LI><a href="#[c6]">sha1_process_wrap</a> from md_wrap.o(.text.sha1_process_wrap) referenced from md_wrap.o(.rodata.mbedtls_sha1_info)
 <LI><a href="#[bf]">sha1_starts_wrap</a> from md_wrap.o(.text.sha1_starts_wrap) referenced from md_wrap.o(.rodata.mbedtls_sha1_info)
 <LI><a href="#[c0]">sha1_update_wrap</a> from md_wrap.o(.text.sha1_update_wrap) referenced from md_wrap.o(.rodata.mbedtls_sha1_info)
 <LI><a href="#[cd]">sha224_clone_wrap</a> from md_wrap.o(.text.sha224_clone_wrap) referenced from md_wrap.o(.rodata.mbedtls_sha224_info)
 <LI><a href="#[cd]">sha224_clone_wrap</a> from md_wrap.o(.text.sha224_clone_wrap) referenced from md_wrap.o(.rodata.mbedtls_sha256_info)
 <LI><a href="#[cb]">sha224_ctx_alloc</a> from md_wrap.o(.text.sha224_ctx_alloc) referenced from md_wrap.o(.rodata.mbedtls_sha224_info)
 <LI><a href="#[cb]">sha224_ctx_alloc</a> from md_wrap.o(.text.sha224_ctx_alloc) referenced from md_wrap.o(.rodata.mbedtls_sha256_info)
 <LI><a href="#[cc]">sha224_ctx_free</a> from md_wrap.o(.text.sha224_ctx_free) referenced from md_wrap.o(.rodata.mbedtls_sha224_info)
 <LI><a href="#[cc]">sha224_ctx_free</a> from md_wrap.o(.text.sha224_ctx_free) referenced from md_wrap.o(.rodata.mbedtls_sha256_info)
 <LI><a href="#[c9]">sha224_finish_wrap</a> from md_wrap.o(.text.sha224_finish_wrap) referenced from md_wrap.o(.rodata.mbedtls_sha224_info)
 <LI><a href="#[c9]">sha224_finish_wrap</a> from md_wrap.o(.text.sha224_finish_wrap) referenced from md_wrap.o(.rodata.mbedtls_sha256_info)
 <LI><a href="#[ce]">sha224_process_wrap</a> from md_wrap.o(.text.sha224_process_wrap) referenced from md_wrap.o(.rodata.mbedtls_sha224_info)
 <LI><a href="#[ce]">sha224_process_wrap</a> from md_wrap.o(.text.sha224_process_wrap) referenced from md_wrap.o(.rodata.mbedtls_sha256_info)
 <LI><a href="#[c7]">sha224_starts_wrap</a> from md_wrap.o(.text.sha224_starts_wrap) referenced from md_wrap.o(.rodata.mbedtls_sha224_info)
 <LI><a href="#[c8]">sha224_update_wrap</a> from md_wrap.o(.text.sha224_update_wrap) referenced from md_wrap.o(.rodata.mbedtls_sha224_info)
 <LI><a href="#[c8]">sha224_update_wrap</a> from md_wrap.o(.text.sha224_update_wrap) referenced from md_wrap.o(.rodata.mbedtls_sha256_info)
 <LI><a href="#[ca]">sha224_wrap</a> from md_wrap.o(.text.sha224_wrap) referenced from md_wrap.o(.rodata.mbedtls_sha224_info)
 <LI><a href="#[cf]">sha256_starts_wrap</a> from md_wrap.o(.text.sha256_starts_wrap) referenced from md_wrap.o(.rodata.mbedtls_sha256_info)
 <LI><a href="#[d0]">sha256_wrap</a> from md_wrap.o(.text.sha256_wrap) referenced from md_wrap.o(.rodata.mbedtls_sha256_info)
 <LI><a href="#[7c]">ssl_calc_finished_tls_sha256</a> from ssl_tls.o(.text.ssl_calc_finished_tls_sha256) referenced 2 times from ssl_tls.o(.text.mbedtls_ssl_derive_keys)
 <LI><a href="#[7a]">ssl_calc_verify_tls_sha256</a> from ssl_tls.o(.text.ssl_calc_verify_tls_sha256) referenced 2 times from ssl_tls.o(.text.mbedtls_ssl_derive_keys)
 <LI><a href="#[7d]">ssl_update_checksum_sha256</a> from ssl_tls.o(.text.ssl_update_checksum_sha256) referenced 2 times from ssl_tls.o(.text.mbedtls_ssl_optimize_checksum)
 <LI><a href="#[8b]">ssl_update_checksum_start</a> from ssl_tls.o(.text.ssl_update_checksum_start) referenced 2 times from ssl_tls.o(.text.ssl_handshake_params_init)
 <LI><a href="#[8e]">task_exit</a> from tos_task.o(.text.task_exit) referenced 2 times from tos_task.o(.text.tos_task_create)
 <LI><a href="#[7b]">tls_prf_sha256</a> from ssl_tls.o(.text.tls_prf_sha256) referenced 2 times from ssl_tls.o(.text.mbedtls_ssl_derive_keys)
</UL>
<P>
<H3>
Global Symbols
</H3>
<P><STRONG><a name="[57]"></a>__main</STRONG> (Thumb, 0 bytes, Stack size unknown bytes, entry.o(.ARM.Collect$$$$00000000))
<BR>[Address Reference Count : 1]<UL><LI> startup_stm32l431xx.o(.text)
</UL>
<P><STRONG><a name="[453]"></a>_main_stk</STRONG> (Thumb, 0 bytes, Stack size unknown bytes, entry2.o(.ARM.Collect$$$$00000001))

<P><STRONG><a name="[d3]"></a>_main_scatterload</STRONG> (Thumb, 0 bytes, Stack size unknown bytes, entry5.o(.ARM.Collect$$$$00000004))
<BR><BR>[Calls]<UL><LI><a href="#[d4]">&gt;&gt;</a>&nbsp;&nbsp;&nbsp;__scatterload
</UL>

<P><STRONG><a name="[ee]"></a>__main_after_scatterload</STRONG> (Thumb, 0 bytes, Stack size unknown bytes, entry5.o(.ARM.Collect$$$$00000004))
<BR><BR>[Called By]<UL><LI><a href="#[d4]">&gt;&gt;</a>&nbsp;&nbsp;&nbsp;__scatterload
</UL>

<P><STRONG><a name="[454]"></a>_main_clock</STRONG> (Thumb, 0 bytes, Stack size unknown bytes, entry7b.o(.ARM.Collect$$$$00000008))

<P><STRONG><a name="[455]"></a>_main_cpp_init</STRONG> (Thumb, 0 bytes, Stack size unknown bytes, entry8b.o(.ARM.Collect$$$$0000000A))

<P><STRONG><a name="[456]"></a>_main_init</STRONG> (Thumb, 0 bytes, Stack size unknown bytes, entry9a.o(.ARM.Collect$$$$0000000B))

<P><STRONG><a name="[457]"></a>__rt_final_cpp</STRONG> (Thumb, 0 bytes, Stack size unknown bytes, entry10a.o(.ARM.Collect$$$$0000000D))

<P><STRONG><a name="[458]"></a>__rt_final_exit</STRONG> (Thumb, 0 bytes, Stack size unknown bytes, entry11a.o(.ARM.Collect$$$$0000000F))

<P><STRONG><a name="[b]"></a>Reset_Handler</STRONG> (Thumb, 8 bytes, Stack size 0 bytes, startup_stm32l431xx.o(.text))
<BR>[Address Reference Count : 1]<UL><LI> startup_stm32l431xx.o(RESET)
</UL>
<P><STRONG><a name="[27]"></a>ADC1_IRQHandler</STRONG> (Thumb, 0 bytes, Stack size 0 bytes, startup_stm32l431xx.o(.text))
<BR><BR>[Calls]<UL><LI><a href="#[27]">&gt;&gt;</a>&nbsp;&nbsp;&nbsp;ADC1_IRQHandler
</UL>
<BR>[Called By]<UL><LI><a href="#[27]">&gt;&gt;</a>&nbsp;&nbsp;&nbsp;ADC1_IRQHandler
</UL>
<BR>[Address Reference Count : 1]<UL><LI> startup_stm32l431xx.o(RESET)
</UL>
<P><STRONG><a name="[29]"></a>CAN1_RX0_IRQHandler</STRONG> (Thumb, 0 bytes, Stack size 0 bytes, startup_stm32l431xx.o(.text))
<BR>[Address Reference Count : 1]<UL><LI> startup_stm32l431xx.o(RESET)
</UL>
<P><STRONG><a name="[2a]"></a>CAN1_RX1_IRQHandler</STRONG> (Thumb, 0 bytes, Stack size 0 bytes, startup_stm32l431xx.o(.text))
<BR>[Address Reference Count : 1]<UL><LI> startup_stm32l431xx.o(RESET)
</UL>
<P><STRONG><a name="[2b]"></a>CAN1_SCE_IRQHandler</STRONG> (Thumb, 0 bytes, Stack size 0 bytes, startup_stm32l431xx.o(.text))
<BR>[Address Reference Count : 1]<UL><LI> startup_stm32l431xx.o(RESET)
</UL>
<P><STRONG><a name="[28]"></a>CAN1_TX_IRQHandler</STRONG> (Thumb, 0 bytes, Stack size 0 bytes, startup_stm32l431xx.o(.text))
<BR>[Address Reference Count : 1]<UL><LI> startup_stm32l431xx.o(RESET)
</UL>
<P><STRONG><a name="[46]"></a>COMP_IRQHandler</STRONG> (Thumb, 0 bytes, Stack size 0 bytes, startup_stm32l431xx.o(.text))
<BR>[Address Reference Count : 1]<UL><LI> startup_stm32l431xx.o(RESET)
</UL>
<P><STRONG><a name="[54]"></a>CRS_IRQHandler</STRONG> (Thumb, 0 bytes, Stack size 0 bytes, startup_stm32l431xx.o(.text))
<BR>[Address Reference Count : 1]<UL><LI> startup_stm32l431xx.o(RESET)
</UL>
<P><STRONG><a name="[20]"></a>DMA1_Channel1_IRQHandler</STRONG> (Thumb, 0 bytes, Stack size 0 bytes, startup_stm32l431xx.o(.text))
<BR>[Address Reference Count : 1]<UL><LI> startup_stm32l431xx.o(RESET)
</UL>
<P><STRONG><a name="[21]"></a>DMA1_Channel2_IRQHandler</STRONG> (Thumb, 0 bytes, Stack size 0 bytes, startup_stm32l431xx.o(.text))
<BR>[Address Reference Count : 1]<UL><LI> startup_stm32l431xx.o(RESET)
</UL>
<P><STRONG><a name="[22]"></a>DMA1_Channel3_IRQHandler</STRONG> (Thumb, 0 bytes, Stack size 0 bytes, startup_stm32l431xx.o(.text))
<BR>[Address Reference Count : 1]<UL><LI> startup_stm32l431xx.o(RESET)
</UL>
<P><STRONG><a name="[23]"></a>DMA1_Channel4_IRQHandler</STRONG> (Thumb, 0 bytes, Stack size 0 bytes, startup_stm32l431xx.o(.text))
<BR>[Address Reference Count : 1]<UL><LI> startup_stm32l431xx.o(RESET)
</UL>
<P><STRONG><a name="[24]"></a>DMA1_Channel5_IRQHandler</STRONG> (Thumb, 0 bytes, Stack size 0 bytes, startup_stm32l431xx.o(.text))
<BR>[Address Reference Count : 1]<UL><LI> startup_stm32l431xx.o(RESET)
</UL>
<P><STRONG><a name="[25]"></a>DMA1_Channel6_IRQHandler</STRONG> (Thumb, 0 bytes, Stack size 0 bytes, startup_stm32l431xx.o(.text))
<BR>[Address Reference Count : 1]<UL><LI> startup_stm32l431xx.o(RESET)
</UL>
<P><STRONG><a name="[26]"></a>DMA1_Channel7_IRQHandler</STRONG> (Thumb, 0 bytes, Stack size 0 bytes, startup_stm32l431xx.o(.text))
<BR>[Address Reference Count : 1]<UL><LI> startup_stm32l431xx.o(RESET)
</UL>
<P><STRONG><a name="[41]"></a>DMA2_Channel1_IRQHandler</STRONG> (Thumb, 0 bytes, Stack size 0 bytes, startup_stm32l431xx.o(.text))
<BR>[Address Reference Count : 1]<UL><LI> startup_stm32l431xx.o(RESET)
</UL>
<P><STRONG><a name="[42]"></a>DMA2_Channel2_IRQHandler</STRONG> (Thumb, 0 bytes, Stack size 0 bytes, startup_stm32l431xx.o(.text))
<BR>[Address Reference Count : 1]<UL><LI> startup_stm32l431xx.o(RESET)
</UL>
<P><STRONG><a name="[43]"></a>DMA2_Channel3_IRQHandler</STRONG> (Thumb, 0 bytes, Stack size 0 bytes, startup_stm32l431xx.o(.text))
<BR>[Address Reference Count : 1]<UL><LI> startup_stm32l431xx.o(RESET)
</UL>
<P><STRONG><a name="[44]"></a>DMA2_Channel4_IRQHandler</STRONG> (Thumb, 0 bytes, Stack size 0 bytes, startup_stm32l431xx.o(.text))
<BR>[Address Reference Count : 1]<UL><LI> startup_stm32l431xx.o(RESET)
</UL>
<P><STRONG><a name="[45]"></a>DMA2_Channel5_IRQHandler</STRONG> (Thumb, 0 bytes, Stack size 0 bytes, startup_stm32l431xx.o(.text))
<BR>[Address Reference Count : 1]<UL><LI> startup_stm32l431xx.o(RESET)
</UL>
<P><STRONG><a name="[49]"></a>DMA2_Channel6_IRQHandler</STRONG> (Thumb, 0 bytes, Stack size 0 bytes, startup_stm32l431xx.o(.text))
<BR>[Address Reference Count : 1]<UL><LI> startup_stm32l431xx.o(RESET)
</UL>
<P><STRONG><a name="[4a]"></a>DMA2_Channel7_IRQHandler</STRONG> (Thumb, 0 bytes, Stack size 0 bytes, startup_stm32l431xx.o(.text))
<BR>[Address Reference Count : 1]<UL><LI> startup_stm32l431xx.o(RESET)
</UL>
<P><STRONG><a name="[1b]"></a>EXTI0_IRQHandler</STRONG> (Thumb, 0 bytes, Stack size 0 bytes, startup_stm32l431xx.o(.text))
<BR>[Address Reference Count : 1]<UL><LI> startup_stm32l431xx.o(RESET)
</UL>
<P><STRONG><a name="[3b]"></a>EXTI15_10_IRQHandler</STRONG> (Thumb, 0 bytes, Stack size 0 bytes, startup_stm32l431xx.o(.text))
<BR>[Address Reference Count : 1]<UL><LI> startup_stm32l431xx.o(RESET)
</UL>
<P><STRONG><a name="[1f]"></a>EXTI4_IRQHandler</STRONG> (Thumb, 0 bytes, Stack size 0 bytes, startup_stm32l431xx.o(.text))
<BR>[Address Reference Count : 1]<UL><LI> startup_stm32l431xx.o(RESET)
</UL>
<P><STRONG><a name="[2c]"></a>EXTI9_5_IRQHandler</STRONG> (Thumb, 0 bytes, Stack size 0 bytes, startup_stm32l431xx.o(.text))
<BR>[Address Reference Count : 1]<UL><LI> startup_stm32l431xx.o(RESET)
</UL>
<P><STRONG><a name="[19]"></a>FLASH_IRQHandler</STRONG> (Thumb, 0 bytes, Stack size 0 bytes, startup_stm32l431xx.o(.text))
<BR>[Address Reference Count : 1]<UL><LI> startup_stm32l431xx.o(RESET)
</UL>
<P><STRONG><a name="[53]"></a>FPU_IRQHandler</STRONG> (Thumb, 0 bytes, Stack size 0 bytes, startup_stm32l431xx.o(.text))
<BR>[Address Reference Count : 1]<UL><LI> startup_stm32l431xx.o(RESET)
</UL>
<P><STRONG><a name="[33]"></a>I2C1_ER_IRQHandler</STRONG> (Thumb, 0 bytes, Stack size 0 bytes, startup_stm32l431xx.o(.text))
<BR>[Address Reference Count : 1]<UL><LI> startup_stm32l431xx.o(RESET)
</UL>
<P><STRONG><a name="[32]"></a>I2C1_EV_IRQHandler</STRONG> (Thumb, 0 bytes, Stack size 0 bytes, startup_stm32l431xx.o(.text))
<BR>[Address Reference Count : 1]<UL><LI> startup_stm32l431xx.o(RESET)
</UL>
<P><STRONG><a name="[35]"></a>I2C2_ER_IRQHandler</STRONG> (Thumb, 0 bytes, Stack size 0 bytes, startup_stm32l431xx.o(.text))
<BR>[Address Reference Count : 1]<UL><LI> startup_stm32l431xx.o(RESET)
</UL>
<P><STRONG><a name="[34]"></a>I2C2_EV_IRQHandler</STRONG> (Thumb, 0 bytes, Stack size 0 bytes, startup_stm32l431xx.o(.text))
<BR>[Address Reference Count : 1]<UL><LI> startup_stm32l431xx.o(RESET)
</UL>
<P><STRONG><a name="[4e]"></a>I2C3_ER_IRQHandler</STRONG> (Thumb, 0 bytes, Stack size 0 bytes, startup_stm32l431xx.o(.text))
<BR>[Address Reference Count : 1]<UL><LI> startup_stm32l431xx.o(RESET)
</UL>
<P><STRONG><a name="[4d]"></a>I2C3_EV_IRQHandler</STRONG> (Thumb, 0 bytes, Stack size 0 bytes, startup_stm32l431xx.o(.text))
<BR>[Address Reference Count : 1]<UL><LI> startup_stm32l431xx.o(RESET)
</UL>
<P><STRONG><a name="[47]"></a>LPTIM1_IRQHandler</STRONG> (Thumb, 0 bytes, Stack size 0 bytes, startup_stm32l431xx.o(.text))
<BR>[Address Reference Count : 1]<UL><LI> startup_stm32l431xx.o(RESET)
</UL>
<P><STRONG><a name="[48]"></a>LPTIM2_IRQHandler</STRONG> (Thumb, 0 bytes, Stack size 0 bytes, startup_stm32l431xx.o(.text))
<BR>[Address Reference Count : 1]<UL><LI> startup_stm32l431xx.o(RESET)
</UL>
<P><STRONG><a name="[16]"></a>PVD_PVM_IRQHandler</STRONG> (Thumb, 0 bytes, Stack size 0 bytes, startup_stm32l431xx.o(.text))
<BR>[Address Reference Count : 1]<UL><LI> startup_stm32l431xx.o(RESET)
</UL>
<P><STRONG><a name="[4c]"></a>QUADSPI_IRQHandler</STRONG> (Thumb, 0 bytes, Stack size 0 bytes, startup_stm32l431xx.o(.text))
<BR>[Address Reference Count : 1]<UL><LI> startup_stm32l431xx.o(RESET)
</UL>
<P><STRONG><a name="[1a]"></a>RCC_IRQHandler</STRONG> (Thumb, 0 bytes, Stack size 0 bytes, startup_stm32l431xx.o(.text))
<BR>[Address Reference Count : 1]<UL><LI> startup_stm32l431xx.o(RESET)
</UL>
<P><STRONG><a name="[52]"></a>RNG_IRQHandler</STRONG> (Thumb, 0 bytes, Stack size 0 bytes, startup_stm32l431xx.o(.text))
<BR>[Address Reference Count : 1]<UL><LI> startup_stm32l431xx.o(RESET)
</UL>
<P><STRONG><a name="[3c]"></a>RTC_Alarm_IRQHandler</STRONG> (Thumb, 0 bytes, Stack size 0 bytes, startup_stm32l431xx.o(.text))
<BR>[Address Reference Count : 1]<UL><LI> startup_stm32l431xx.o(RESET)
</UL>
<P><STRONG><a name="[18]"></a>RTC_WKUP_IRQHandler</STRONG> (Thumb, 0 bytes, Stack size 0 bytes, startup_stm32l431xx.o(.text))
<BR>[Address Reference Count : 1]<UL><LI> startup_stm32l431xx.o(RESET)
</UL>
<P><STRONG><a name="[4f]"></a>SAI1_IRQHandler</STRONG> (Thumb, 0 bytes, Stack size 0 bytes, startup_stm32l431xx.o(.text))
<BR>[Address Reference Count : 1]<UL><LI> startup_stm32l431xx.o(RESET)
</UL>
<P><STRONG><a name="[3d]"></a>SDMMC1_IRQHandler</STRONG> (Thumb, 0 bytes, Stack size 0 bytes, startup_stm32l431xx.o(.text))
<BR>[Address Reference Count : 1]<UL><LI> startup_stm32l431xx.o(RESET)
</UL>
<P><STRONG><a name="[36]"></a>SPI1_IRQHandler</STRONG> (Thumb, 0 bytes, Stack size 0 bytes, startup_stm32l431xx.o(.text))
<BR>[Address Reference Count : 1]<UL><LI> startup_stm32l431xx.o(RESET)
</UL>
<P><STRONG><a name="[37]"></a>SPI2_IRQHandler</STRONG> (Thumb, 0 bytes, Stack size 0 bytes, startup_stm32l431xx.o(.text))
<BR>[Address Reference Count : 1]<UL><LI> startup_stm32l431xx.o(RESET)
</UL>
<P><STRONG><a name="[3e]"></a>SPI3_IRQHandler</STRONG> (Thumb, 0 bytes, Stack size 0 bytes, startup_stm32l431xx.o(.text))
<BR>[Address Reference Count : 1]<UL><LI> startup_stm32l431xx.o(RESET)
</UL>
<P><STRONG><a name="[50]"></a>SWPMI1_IRQHandler</STRONG> (Thumb, 0 bytes, Stack size 0 bytes, startup_stm32l431xx.o(.text))
<BR>[Address Reference Count : 1]<UL><LI> startup_stm32l431xx.o(RESET)
</UL>
<P><STRONG><a name="[17]"></a>TAMP_STAMP_IRQHandler</STRONG> (Thumb, 0 bytes, Stack size 0 bytes, startup_stm32l431xx.o(.text))
<BR>[Address Reference Count : 1]<UL><LI> startup_stm32l431xx.o(RESET)
</UL>
<P><STRONG><a name="[2d]"></a>TIM1_BRK_TIM15_IRQHandler</STRONG> (Thumb, 0 bytes, Stack size 0 bytes, startup_stm32l431xx.o(.text))
<BR>[Address Reference Count : 1]<UL><LI> startup_stm32l431xx.o(RESET)
</UL>
<P><STRONG><a name="[30]"></a>TIM1_CC_IRQHandler</STRONG> (Thumb, 0 bytes, Stack size 0 bytes, startup_stm32l431xx.o(.text))
<BR>[Address Reference Count : 1]<UL><LI> startup_stm32l431xx.o(RESET)
</UL>
<P><STRONG><a name="[2f]"></a>TIM1_TRG_COM_IRQHandler</STRONG> (Thumb, 0 bytes, Stack size 0 bytes, startup_stm32l431xx.o(.text))
<BR>[Address Reference Count : 1]<UL><LI> startup_stm32l431xx.o(RESET)
</UL>
<P><STRONG><a name="[2e]"></a>TIM1_UP_TIM16_IRQHandler</STRONG> (Thumb, 0 bytes, Stack size 0 bytes, startup_stm32l431xx.o(.text))
<BR>[Address Reference Count : 1]<UL><LI> startup_stm32l431xx.o(RESET)
</UL>
<P><STRONG><a name="[31]"></a>TIM2_IRQHandler</STRONG> (Thumb, 0 bytes, Stack size 0 bytes, startup_stm32l431xx.o(.text))
<BR>[Address Reference Count : 1]<UL><LI> startup_stm32l431xx.o(RESET)
</UL>
<P><STRONG><a name="[3f]"></a>TIM6_DAC_IRQHandler</STRONG> (Thumb, 0 bytes, Stack size 0 bytes, startup_stm32l431xx.o(.text))
<BR>[Address Reference Count : 1]<UL><LI> startup_stm32l431xx.o(RESET)
</UL>
<P><STRONG><a name="[40]"></a>TIM7_IRQHandler</STRONG> (Thumb, 0 bytes, Stack size 0 bytes, startup_stm32l431xx.o(.text))
<BR>[Address Reference Count : 1]<UL><LI> startup_stm32l431xx.o(RESET)
</UL>
<P><STRONG><a name="[51]"></a>TSC_IRQHandler</STRONG> (Thumb, 0 bytes, Stack size 0 bytes, startup_stm32l431xx.o(.text))
<BR>[Address Reference Count : 1]<UL><LI> startup_stm32l431xx.o(RESET)
</UL>
<P><STRONG><a name="[38]"></a>USART1_IRQHandler</STRONG> (Thumb, 0 bytes, Stack size 0 bytes, startup_stm32l431xx.o(.text))
<BR>[Address Reference Count : 1]<UL><LI> startup_stm32l431xx.o(RESET)
</UL>
<P><STRONG><a name="[15]"></a>WWDG_IRQHandler</STRONG> (Thumb, 0 bytes, Stack size 0 bytes, startup_stm32l431xx.o(.text))
<BR>[Address Reference Count : 1]<UL><LI> startup_stm32l431xx.o(RESET)
</UL>
<P><STRONG><a name="[459]"></a>port_int_disable</STRONG> (Thumb, 0 bytes, Stack size unknown bytes, port_s.o(.text), UNUSED)

<P><STRONG><a name="[45a]"></a>port_int_enable</STRONG> (Thumb, 0 bytes, Stack size unknown bytes, port_s.o(.text), UNUSED)

<P><STRONG><a name="[419]"></a>port_cpsr_save</STRONG> (Thumb, 0 bytes, Stack size unknown bytes, port_s.o(.text))
<BR><BR>[Called By]<UL><LI><a href="#[2ee]">&gt;&gt;</a>&nbsp;&nbsp;&nbsp;tos_cpu_cpsr_save
</UL>

<P><STRONG><a name="[418]"></a>port_cpsr_restore</STRONG> (Thumb, 0 bytes, Stack size unknown bytes, port_s.o(.text))
<BR><BR>[Called By]<UL><LI><a href="#[2f1]">&gt;&gt;</a>&nbsp;&nbsp;&nbsp;tos_cpu_cpsr_restore
</UL>

<P><STRONG><a name="[417]"></a>port_clz</STRONG> (Thumb, 0 bytes, Stack size unknown bytes, port_s.o(.text))
<BR><BR>[Called By]<UL><LI><a href="#[2e3]">&gt;&gt;</a>&nbsp;&nbsp;&nbsp;tos_cpu_clz
</UL>

<P><STRONG><a name="[2a4]"></a>port_sched_start</STRONG> (Thumb, 0 bytes, Stack size unknown bytes, port_s.o(.text))
<BR><BR>[Called By]<UL><LI><a href="#[2a3]">&gt;&gt;</a>&nbsp;&nbsp;&nbsp;cpu_sched_start
</UL>

<P><STRONG><a name="[29e]"></a>port_context_switch</STRONG> (Thumb, 0 bytes, Stack size unknown bytes, port_s.o(.text))
<BR><BR>[Called By]<UL><LI><a href="#[29d]">&gt;&gt;</a>&nbsp;&nbsp;&nbsp;cpu_context_switch
</UL>

<P><STRONG><a name="[2a2]"></a>port_irq_context_switch</STRONG> (Thumb, 0 bytes, Stack size unknown bytes, port_s.o(.text))
<BR><BR>[Called By]<UL><LI><a href="#[2a1]">&gt;&gt;</a>&nbsp;&nbsp;&nbsp;cpu_irq_context_switch
</UL>

<P><STRONG><a name="[13]"></a>PendSV_Handler</STRONG> (Thumb, 0 bytes, Stack size unknown bytes, port_s.o(.text))
<BR>[Address Reference Count : 1]<UL><LI> startup_stm32l431xx.o(RESET)
</UL>
<P><STRONG><a name="[d5]"></a>__aeabi_uldivmod</STRONG> (Thumb, 98 bytes, Stack size 40 bytes, uldiv.o(.text))
<BR><BR>[Stack]<UL><LI>Max Depth = 40<LI>Call Chain = __aeabi_uldivmod
</UL>
<BR>[Calls]<UL><LI><a href="#[d6]">&gt;&gt;</a>&nbsp;&nbsp;&nbsp;__aeabi_llsr
<LI><a href="#[d7]">&gt;&gt;</a>&nbsp;&nbsp;&nbsp;__aeabi_llsl
</UL>
<BR>[Called By]<UL><LI><a href="#[160]">&gt;&gt;</a>&nbsp;&nbsp;&nbsp;UART_SetConfig
<LI><a href="#[29f]">&gt;&gt;</a>&nbsp;&nbsp;&nbsp;cpu_init
<LI><a href="#[44a]">&gt;&gt;</a>&nbsp;&nbsp;&nbsp;_printf_core
<LI><a href="#[44e]">&gt;&gt;</a>&nbsp;&nbsp;&nbsp;_fp_digits
</UL>

<P><STRONG><a name="[243]"></a>tolower</STRONG> (Thumb, 12 bytes, Stack size 0 bytes, tolower.o(.text))
<BR><BR>[Called By]<UL><LI><a href="#[242]">&gt;&gt;</a>&nbsp;&nbsp;&nbsp;_strlowr
</UL>

<P><STRONG><a name="[1f1]"></a>rand</STRONG> (Thumb, 20 bytes, Stack size 0 bytes, rand.o(.text))
<BR><BR>[Called By]<UL><LI><a href="#[31e]">&gt;&gt;</a>&nbsp;&nbsp;&nbsp;os_get_random
<LI><a href="#[1f2]">&gt;&gt;</a>&nbsp;&nbsp;&nbsp;_get_random_start_packet_id
<LI><a href="#[236]">&gt;&gt;</a>&nbsp;&nbsp;&nbsp;get_next_conn_id
<LI><a href="#[1ef]">&gt;&gt;</a>&nbsp;&nbsp;&nbsp;_get_random_interval
</UL>

<P><STRONG><a name="[1f0]"></a>srand</STRONG> (Thumb, 6 bytes, Stack size 0 bytes, rand.o(.text))
<BR><BR>[Called By]<UL><LI><a href="#[1f2]">&gt;&gt;</a>&nbsp;&nbsp;&nbsp;_get_random_start_packet_id
<LI><a href="#[236]">&gt;&gt;</a>&nbsp;&nbsp;&nbsp;get_next_conn_id
<LI><a href="#[1ef]">&gt;&gt;</a>&nbsp;&nbsp;&nbsp;_get_random_interval
</UL>

<P><STRONG><a name="[45b]"></a>___aeabi_memcpy8$move</STRONG> (Thumb, 0 bytes, Stack size 8 bytes, memmovea.o(.text), UNUSED)

<P><STRONG><a name="[1c9]"></a>__aeabi_memcpy</STRONG> (Thumb, 64 bytes, Stack size 8 bytes, memmovea.o(.text))
<BR><BR>[Stack]<UL><LI>Max Depth = 8<LI>Call Chain = __aeabi_memcpy
</UL>
<BR>[Called By]<UL><LI><a href="#[69]">&gt;&gt;</a>&nbsp;&nbsp;&nbsp;OnActionCallback
<LI><a href="#[3b2]">&gt;&gt;</a>&nbsp;&nbsp;&nbsp;ring_q_item_copy_to
<LI><a href="#[3b1]">&gt;&gt;</a>&nbsp;&nbsp;&nbsp;ring_q_item_copy_from
<LI><a href="#[25f]">&gt;&gt;</a>&nbsp;&nbsp;&nbsp;at_echo_buffer_copy
<LI><a href="#[31c]">&gt;&gt;</a>&nbsp;&nbsp;&nbsp;mbedtls_gcm_finish
<LI><a href="#[308]">&gt;&gt;</a>&nbsp;&nbsp;&nbsp;mbedtls_cipher_set_iv
<LI><a href="#[29a]">&gt;&gt;</a>&nbsp;&nbsp;&nbsp;mbedtls_cipher_update
<LI><a href="#[299]">&gt;&gt;</a>&nbsp;&nbsp;&nbsp;ccm_auth_crypt
<LI><a href="#[297]">&gt;&gt;</a>&nbsp;&nbsp;&nbsp;mbedtls_camellia_setkey_enc
<LI><a href="#[67]">&gt;&gt;</a>&nbsp;&nbsp;&nbsp;mbedtls_entropy_func
<LI><a href="#[311]">&gt;&gt;</a>&nbsp;&nbsp;&nbsp;mbedtls_ctr_drbg_reseed
<LI><a href="#[310]">&gt;&gt;</a>&nbsp;&nbsp;&nbsp;mbedtls_ctr_drbg_random_with_add
<LI><a href="#[28d]">&gt;&gt;</a>&nbsp;&nbsp;&nbsp;block_cipher_df
<LI><a href="#[331]">&gt;&gt;</a>&nbsp;&nbsp;&nbsp;mbedtls_sha1_update_ret
<LI><a href="#[325]">&gt;&gt;</a>&nbsp;&nbsp;&nbsp;mbedtls_md5_update_ret
<LI><a href="#[2c8]">&gt;&gt;</a>&nbsp;&nbsp;&nbsp;mbedtls_sha256_update_ret
<LI><a href="#[358]">&gt;&gt;</a>&nbsp;&nbsp;&nbsp;mbedtls_ssl_write_finished
<LI><a href="#[363]">&gt;&gt;</a>&nbsp;&nbsp;&nbsp;mbedtls_ssl_psk_derive_premaster
<LI><a href="#[339]">&gt;&gt;</a>&nbsp;&nbsp;&nbsp;mbedtls_ssl_derive_keys
<LI><a href="#[3d6]">&gt;&gt;</a>&nbsp;&nbsp;&nbsp;ssl_write_session_ticket_ext
<LI><a href="#[3d1]">&gt;&gt;</a>&nbsp;&nbsp;&nbsp;ssl_write_renegotiation_ext
<LI><a href="#[355]">&gt;&gt;</a>&nbsp;&nbsp;&nbsp;ssl_write_client_key_exchange
<LI><a href="#[34e]">&gt;&gt;</a>&nbsp;&nbsp;&nbsp;ssl_write_client_hello
<LI><a href="#[3cf]">&gt;&gt;</a>&nbsp;&nbsp;&nbsp;ssl_write_alpn_ext
<LI><a href="#[34f]">&gt;&gt;</a>&nbsp;&nbsp;&nbsp;ssl_parse_server_hello
<LI><a href="#[35c]">&gt;&gt;</a>&nbsp;&nbsp;&nbsp;ssl_parse_new_session_ticket
<LI><a href="#[14c]">&gt;&gt;</a>&nbsp;&nbsp;&nbsp;mbedtls_ssl_read
<LI><a href="#[21f]">&gt;&gt;</a>&nbsp;&nbsp;&nbsp;mbedtls_ssl_conf_psk
<LI><a href="#[3fc]">&gt;&gt;</a>&nbsp;&nbsp;&nbsp;tls_prf_generic
<LI><a href="#[370]">&gt;&gt;</a>&nbsp;&nbsp;&nbsp;ssl_write_real
<LI><a href="#[373]">&gt;&gt;</a>&nbsp;&nbsp;&nbsp;ssl_encrypt_buf
<LI><a href="#[23c]">&gt;&gt;</a>&nbsp;&nbsp;&nbsp;_serialize_publish_packet
<LI><a href="#[218]">&gt;&gt;</a>&nbsp;&nbsp;&nbsp;_mask_push_pubInfo_to
<LI><a href="#[39d]">&gt;&gt;</a>&nbsp;&nbsp;&nbsp;push_sub_info_to
<LI><a href="#[23a]">&gt;&gt;</a>&nbsp;&nbsp;&nbsp;mqtt_write_utf8_string
<LI><a href="#[205]">&gt;&gt;</a>&nbsp;&nbsp;&nbsp;_handle_publish_packet
<LI><a href="#[8c]">&gt;&gt;</a>&nbsp;&nbsp;&nbsp;_on_template_downstream_topic_handler
</UL>

<P><STRONG><a name="[1f5]"></a>__aeabi_memcpy4</STRONG> (Thumb, 0 bytes, Stack size 8 bytes, memmovea.o(.text))
<BR><BR>[Stack]<UL><LI>Max Depth = 8<LI>Call Chain = __aeabi_memcpy4
</UL>
<BR>[Called By]<UL><LI><a href="#[1f4]">&gt;&gt;</a>&nbsp;&nbsp;&nbsp;_get_sys_info
<LI><a href="#[332]">&gt;&gt;</a>&nbsp;&nbsp;&nbsp;mbedtls_sha256_clone
<LI><a href="#[32b]">&gt;&gt;</a>&nbsp;&nbsp;&nbsp;mbedtls_sha1_clone
<LI><a href="#[31f]">&gt;&gt;</a>&nbsp;&nbsp;&nbsp;mbedtls_md5_clone
</UL>

<P><STRONG><a name="[3b6]"></a>__aeabi_memmove</STRONG> (Thumb, 0 bytes, Stack size 8 bytes, memmovea.o(.text))
<BR><BR>[Stack]<UL><LI>Max Depth = 8<LI>Call Chain = __aeabi_memmove
</UL>
<BR>[Called By]<UL><LI><a href="#[367]">&gt;&gt;</a>&nbsp;&nbsp;&nbsp;ssl_consume_current_message
</UL>

<P><STRONG><a name="[45c]"></a>__aeabi_memmove4</STRONG> (Thumb, 0 bytes, Stack size 8 bytes, memmovea.o(.text), UNUSED)

<P><STRONG><a name="[45d]"></a>__aeabi_memmove8</STRONG> (Thumb, 0 bytes, Stack size 8 bytes, memmovea.o(.text), UNUSED)

<P><STRONG><a name="[d9]"></a>__aeabi_memset</STRONG> (Thumb, 14 bytes, Stack size 0 bytes, memseta.o(.text))
<BR><BR>[Called By]<UL><LI><a href="#[2a7]">&gt;&gt;</a>&nbsp;&nbsp;&nbsp;cpu_task_stk_init
<LI><a href="#[327]">&gt;&gt;</a>&nbsp;&nbsp;&nbsp;mbedtls_md_hmac_starts
<LI><a href="#[d1]">&gt;&gt;</a>&nbsp;&nbsp;&nbsp;memset
<LI><a href="#[d8]">&gt;&gt;</a>&nbsp;&nbsp;&nbsp;__aeabi_memclr
</UL>

<P><STRONG><a name="[45e]"></a>__aeabi_memset4</STRONG> (Thumb, 0 bytes, Stack size 0 bytes, memseta.o(.text), UNUSED)

<P><STRONG><a name="[45f]"></a>__aeabi_memset8</STRONG> (Thumb, 0 bytes, Stack size 0 bytes, memseta.o(.text), UNUSED)

<P><STRONG><a name="[d8]"></a>__aeabi_memclr</STRONG> (Thumb, 4 bytes, Stack size 0 bytes, memseta.o(.text))
<BR><BR>[Calls]<UL><LI><a href="#[d9]">&gt;&gt;</a>&nbsp;&nbsp;&nbsp;__aeabi_memset
</UL>
<BR>[Called By]<UL><LI><a href="#[fb]">&gt;&gt;</a>&nbsp;&nbsp;&nbsp;HAL_GetDevInfo
<LI><a href="#[24c]">&gt;&gt;</a>&nbsp;&nbsp;&nbsp;tos_mmheap_calloc
<LI><a href="#[2cd]">&gt;&gt;</a>&nbsp;&nbsp;&nbsp;tos_at_echo_create
<LI><a href="#[266]">&gt;&gt;</a>&nbsp;&nbsp;&nbsp;at_uart_line_parse
<LI><a href="#[76]">&gt;&gt;</a>&nbsp;&nbsp;&nbsp;add_zeros_padding
<LI><a href="#[299]">&gt;&gt;</a>&nbsp;&nbsp;&nbsp;ccm_auth_crypt
<LI><a href="#[32c]">&gt;&gt;</a>&nbsp;&nbsp;&nbsp;mbedtls_sha1_finish_ret
<LI><a href="#[320]">&gt;&gt;</a>&nbsp;&nbsp;&nbsp;mbedtls_md5_finish_ret
<LI><a href="#[318]">&gt;&gt;</a>&nbsp;&nbsp;&nbsp;mbedtls_sha256_finish_ret
<LI><a href="#[363]">&gt;&gt;</a>&nbsp;&nbsp;&nbsp;mbedtls_ssl_psk_derive_premaster
<LI><a href="#[fc]">&gt;&gt;</a>&nbsp;&nbsp;&nbsp;device_info_copy
<LI><a href="#[18a]">&gt;&gt;</a>&nbsp;&nbsp;&nbsp;subscribe_template_downstream_topic
<LI><a href="#[216]">&gt;&gt;</a>&nbsp;&nbsp;&nbsp;_iot_action_json_init
</UL>

<P><STRONG><a name="[176]"></a>__aeabi_memclr4</STRONG> (Thumb, 0 bytes, Stack size 0 bytes, memseta.o(.text))
<BR><BR>[Called By]<UL><LI><a href="#[1d0]">&gt;&gt;</a>&nbsp;&nbsp;&nbsp;SystemClock_Config
<LI><a href="#[253]">&gt;&gt;</a>&nbsp;&nbsp;&nbsp;data_template_light_thread
<LI><a href="#[fd]">&gt;&gt;</a>&nbsp;&nbsp;&nbsp;IOT_Log_Gen
<LI><a href="#[69]">&gt;&gt;</a>&nbsp;&nbsp;&nbsp;OnActionCallback
<LI><a href="#[374]">&gt;&gt;</a>&nbsp;&nbsp;&nbsp;mmheap_ctl_init
<LI><a href="#[2ca]">&gt;&gt;</a>&nbsp;&nbsp;&nbsp;tos_at_channel_free
<LI><a href="#[30d]">&gt;&gt;</a>&nbsp;&nbsp;&nbsp;mbedtls_cipher_init
<LI><a href="#[301]">&gt;&gt;</a>&nbsp;&nbsp;&nbsp;mbedtls_cipher_setup
<LI><a href="#[29b]">&gt;&gt;</a>&nbsp;&nbsp;&nbsp;mbedtls_ccm_init
<LI><a href="#[297]">&gt;&gt;</a>&nbsp;&nbsp;&nbsp;mbedtls_camellia_setkey_enc
<LI><a href="#[294]">&gt;&gt;</a>&nbsp;&nbsp;&nbsp;mbedtls_camellia_init
<LI><a href="#[24d]">&gt;&gt;</a>&nbsp;&nbsp;&nbsp;mbedtls_aes_init
<LI><a href="#[21d]">&gt;&gt;</a>&nbsp;&nbsp;&nbsp;mbedtls_entropy_init
<LI><a href="#[311]">&gt;&gt;</a>&nbsp;&nbsp;&nbsp;mbedtls_ctr_drbg_reseed
<LI><a href="#[310]">&gt;&gt;</a>&nbsp;&nbsp;&nbsp;mbedtls_ctr_drbg_random_with_add
<LI><a href="#[21c]">&gt;&gt;</a>&nbsp;&nbsp;&nbsp;mbedtls_ctr_drbg_init
<LI><a href="#[2a8]">&gt;&gt;</a>&nbsp;&nbsp;&nbsp;ctr_drbg_update_internal
<LI><a href="#[28d]">&gt;&gt;</a>&nbsp;&nbsp;&nbsp;block_cipher_df
<LI><a href="#[2c0]">&gt;&gt;</a>&nbsp;&nbsp;&nbsp;mbedtls_des_init
<LI><a href="#[2b5]">&gt;&gt;</a>&nbsp;&nbsp;&nbsp;mbedtls_des3_init
<LI><a href="#[32f]">&gt;&gt;</a>&nbsp;&nbsp;&nbsp;mbedtls_sha1_init
<LI><a href="#[32c]">&gt;&gt;</a>&nbsp;&nbsp;&nbsp;mbedtls_sha1_finish_ret
<LI><a href="#[323]">&gt;&gt;</a>&nbsp;&nbsp;&nbsp;mbedtls_md5_init
<LI><a href="#[320]">&gt;&gt;</a>&nbsp;&nbsp;&nbsp;mbedtls_md5_finish_ret
<LI><a href="#[319]">&gt;&gt;</a>&nbsp;&nbsp;&nbsp;mbedtls_sha256_init
<LI><a href="#[318]">&gt;&gt;</a>&nbsp;&nbsp;&nbsp;mbedtls_sha256_finish_ret
<LI><a href="#[17a]">&gt;&gt;</a>&nbsp;&nbsp;&nbsp;qcloud_iot_mqtt_init
<LI><a href="#[179]">&gt;&gt;</a>&nbsp;&nbsp;&nbsp;iot_device_info_set
<LI><a href="#[36d]">&gt;&gt;</a>&nbsp;&nbsp;&nbsp;mbedtls_ssl_session_init
<LI><a href="#[21b]">&gt;&gt;</a>&nbsp;&nbsp;&nbsp;mbedtls_ssl_config_init
<LI><a href="#[3c0]">&gt;&gt;</a>&nbsp;&nbsp;&nbsp;ssl_transform_init
<LI><a href="#[3c1]">&gt;&gt;</a>&nbsp;&nbsp;&nbsp;ssl_handshake_params_init
<LI><a href="#[205]">&gt;&gt;</a>&nbsp;&nbsp;&nbsp;_handle_publish_packet
<LI><a href="#[189]">&gt;&gt;</a>&nbsp;&nbsp;&nbsp;IOT_Template_ClearControl
<LI><a href="#[16e]">&gt;&gt;</a>&nbsp;&nbsp;&nbsp;_publish_action_to_cloud
<LI><a href="#[22e]">&gt;&gt;</a>&nbsp;&nbsp;&nbsp;_publish_to_template_upstream_topic
<LI><a href="#[245]">&gt;&gt;</a>&nbsp;&nbsp;&nbsp;_unsubscribe_template_downstream_topic
<LI><a href="#[23f]">&gt;&gt;</a>&nbsp;&nbsp;&nbsp;_set_template_json_type
<LI><a href="#[213]">&gt;&gt;</a>&nbsp;&nbsp;&nbsp;_set_control_clientToken
<LI><a href="#[8c]">&gt;&gt;</a>&nbsp;&nbsp;&nbsp;_on_template_downstream_topic_handler
</UL>

<P><STRONG><a name="[259]"></a>__aeabi_memclr8</STRONG> (Thumb, 0 bytes, Stack size 0 bytes, memseta.o(.text))
<BR><BR>[Called By]<UL><LI><a href="#[2d8]">&gt;&gt;</a>&nbsp;&nbsp;&nbsp;tos_at_init
<LI><a href="#[258]">&gt;&gt;</a>&nbsp;&nbsp;&nbsp;at_channel_init
<LI><a href="#[2e0]">&gt;&gt;</a>&nbsp;&nbsp;&nbsp;mbedtls_gcm_init
<LI><a href="#[21a]">&gt;&gt;</a>&nbsp;&nbsp;&nbsp;mbedtls_ssl_init
</UL>

<P><STRONG><a name="[d1]"></a>memset</STRONG> (Thumb, 18 bytes, Stack size 8 bytes, memseta.o(.text))
<BR><BR>[Stack]<UL><LI>Max Depth = 8<LI>Call Chain = memset
</UL>
<BR>[Calls]<UL><LI><a href="#[d9]">&gt;&gt;</a>&nbsp;&nbsp;&nbsp;__aeabi_memset
</UL>
<BR>[Address Reference Count : 1]<UL><LI> platform_util.o(.rodata.memset_func)
</UL>
<P><STRONG><a name="[261]"></a>strstr</STRONG> (Thumb, 36 bytes, Stack size 12 bytes, strstr.o(.text))
<BR><BR>[Stack]<UL><LI>Max Depth = 12<LI>Call Chain = strstr
</UL>
<BR>[Called By]<UL><LI><a href="#[2]">&gt;&gt;</a>&nbsp;&nbsp;&nbsp;esp8266_parse_domain
<LI><a href="#[2d6]">&gt;&gt;</a>&nbsp;&nbsp;&nbsp;esp8266_is_link_broken
<LI><a href="#[264]">&gt;&gt;</a>&nbsp;&nbsp;&nbsp;at_is_echo_expect
<LI><a href="#[260]">&gt;&gt;</a>&nbsp;&nbsp;&nbsp;at_echo_status_set
<LI><a href="#[186]">&gt;&gt;</a>&nbsp;&nbsp;&nbsp;qcloud_iot_mqtt_unsubscribe
</UL>

<P><STRONG><a name="[1ae]"></a>strncpy</STRONG> (Thumb, 24 bytes, Stack size 8 bytes, strncpy.o(.text))
<BR><BR>[Stack]<UL><LI>Max Depth = 8<LI>Call Chain = strncpy
</UL>
<BR>[Called By]<UL><LI><a href="#[2ea]">&gt;&gt;</a>&nbsp;&nbsp;&nbsp;tos_task_create
<LI><a href="#[179]">&gt;&gt;</a>&nbsp;&nbsp;&nbsp;iot_device_info_set
<LI><a href="#[fc]">&gt;&gt;</a>&nbsp;&nbsp;&nbsp;device_info_copy
<LI><a href="#[1ad]">&gt;&gt;</a>&nbsp;&nbsp;&nbsp;LITE_get_string
<LI><a href="#[1b2]">&gt;&gt;</a>&nbsp;&nbsp;&nbsp;LITE_json_value_of
<LI><a href="#[213]">&gt;&gt;</a>&nbsp;&nbsp;&nbsp;_set_control_clientToken
<LI><a href="#[1dc]">&gt;&gt;</a>&nbsp;&nbsp;&nbsp;_add_request_to_template_list
</UL>

<P><STRONG><a name="[1b3]"></a>strchr</STRONG> (Thumb, 20 bytes, Stack size 0 bytes, strchr.o(.text))
<BR><BR>[Called By]<UL><LI><a href="#[1b2]">&gt;&gt;</a>&nbsp;&nbsp;&nbsp;LITE_json_value_of
<LI><a href="#[2e5]">&gt;&gt;</a>&nbsp;&nbsp;&nbsp;json_get_next_object
</UL>

<P><STRONG><a name="[177]"></a>strlen</STRONG> (Thumb, 14 bytes, Stack size 0 bytes, strlen.o(.text))
<BR><BR>[Called By]<UL><LI><a href="#[19c]">&gt;&gt;</a>&nbsp;&nbsp;&nbsp;IOT_Template_JSON_ConstructSysInfo
<LI><a href="#[19a]">&gt;&gt;</a>&nbsp;&nbsp;&nbsp;IOT_Template_JSON_ConstructReportArray
<LI><a href="#[fd]">&gt;&gt;</a>&nbsp;&nbsp;&nbsp;IOT_Log_Gen
<LI><a href="#[264]">&gt;&gt;</a>&nbsp;&nbsp;&nbsp;at_is_echo_expect
<LI><a href="#[262]">&gt;&gt;</a>&nbsp;&nbsp;&nbsp;at_event_do_get
<LI><a href="#[3cf]">&gt;&gt;</a>&nbsp;&nbsp;&nbsp;ssl_write_alpn_ext
<LI><a href="#[3c2]">&gt;&gt;</a>&nbsp;&nbsp;&nbsp;ssl_parse_alpn_ext
<LI><a href="#[186]">&gt;&gt;</a>&nbsp;&nbsp;&nbsp;qcloud_iot_mqtt_unsubscribe
<LI><a href="#[184]">&gt;&gt;</a>&nbsp;&nbsp;&nbsp;qcloud_iot_mqtt_subscribe
<LI><a href="#[183]">&gt;&gt;</a>&nbsp;&nbsp;&nbsp;qcloud_iot_mqtt_publish
<LI><a href="#[17a]">&gt;&gt;</a>&nbsp;&nbsp;&nbsp;qcloud_iot_mqtt_init
<LI><a href="#[179]">&gt;&gt;</a>&nbsp;&nbsp;&nbsp;iot_device_info_set
<LI><a href="#[fc]">&gt;&gt;</a>&nbsp;&nbsp;&nbsp;device_info_copy
<LI><a href="#[3fc]">&gt;&gt;</a>&nbsp;&nbsp;&nbsp;tls_prf_generic
<LI><a href="#[1ee]">&gt;&gt;</a>&nbsp;&nbsp;&nbsp;_get_publish_packet_len
<LI><a href="#[223]">&gt;&gt;</a>&nbsp;&nbsp;&nbsp;_serialize_connect_packet
<LI><a href="#[1ed]">&gt;&gt;</a>&nbsp;&nbsp;&nbsp;_get_packet_connect_rem_len
<LI><a href="#[23a]">&gt;&gt;</a>&nbsp;&nbsp;&nbsp;mqtt_write_utf8_string
<LI><a href="#[1e6]">&gt;&gt;</a>&nbsp;&nbsp;&nbsp;_is_topic_equals
<LI><a href="#[1df]">&gt;&gt;</a>&nbsp;&nbsp;&nbsp;_check_handle_is_identical
<LI><a href="#[1f6]">&gt;&gt;</a>&nbsp;&nbsp;&nbsp;_get_unsubscribe_packet_rem_len
<LI><a href="#[1f3]">&gt;&gt;</a>&nbsp;&nbsp;&nbsp;_get_subscribe_packet_rem_len
<LI><a href="#[240]">&gt;&gt;</a>&nbsp;&nbsp;&nbsp;insert_str
<LI><a href="#[1ad]">&gt;&gt;</a>&nbsp;&nbsp;&nbsp;LITE_get_string
<LI><a href="#[19b]">&gt;&gt;</a>&nbsp;&nbsp;&nbsp;put_json_node
<LI><a href="#[194]">&gt;&gt;</a>&nbsp;&nbsp;&nbsp;_template_ConstructControlReply
<LI><a href="#[217]">&gt;&gt;</a>&nbsp;&nbsp;&nbsp;template_put_json_node
<LI><a href="#[1b2]">&gt;&gt;</a>&nbsp;&nbsp;&nbsp;LITE_json_value_of
<LI><a href="#[16e]">&gt;&gt;</a>&nbsp;&nbsp;&nbsp;_publish_action_to_cloud
<LI><a href="#[16d]">&gt;&gt;</a>&nbsp;&nbsp;&nbsp;_iot_construct_action_json
<LI><a href="#[2e6]">&gt;&gt;</a>&nbsp;&nbsp;&nbsp;json_parse_name_value
<LI><a href="#[1b4]">&gt;&gt;</a>&nbsp;&nbsp;&nbsp;json_get_value_by_name
<LI><a href="#[2e5]">&gt;&gt;</a>&nbsp;&nbsp;&nbsp;json_get_next_object
<LI><a href="#[22e]">&gt;&gt;</a>&nbsp;&nbsp;&nbsp;_publish_to_template_upstream_topic
<LI><a href="#[23f]">&gt;&gt;</a>&nbsp;&nbsp;&nbsp;_set_template_json_type
<LI><a href="#[1fc]">&gt;&gt;</a>&nbsp;&nbsp;&nbsp;_handle_control
<LI><a href="#[137]">&gt;&gt;</a>&nbsp;&nbsp;&nbsp;_mbedtls_client_init
</UL>

<P><STRONG><a name="[1a7]"></a>strcmp</STRONG> (Thumb, 28 bytes, Stack size 8 bytes, strcmp.o(.text))
<BR><BR>[Stack]<UL><LI>Max Depth = 8<LI>Call Chain = strcmp
</UL>
<BR>[Called By]<UL><LI><a href="#[6a]">&gt;&gt;</a>&nbsp;&nbsp;&nbsp;OnControlMsgCallback
<LI><a href="#[186]">&gt;&gt;</a>&nbsp;&nbsp;&nbsp;qcloud_iot_mqtt_unsubscribe
<LI><a href="#[1e6]">&gt;&gt;</a>&nbsp;&nbsp;&nbsp;_is_topic_equals
<LI><a href="#[1a6]">&gt;&gt;</a>&nbsp;&nbsp;&nbsp;LITE_get_boolean
<LI><a href="#[63]">&gt;&gt;</a>&nbsp;&nbsp;&nbsp;_on_action_handle_callback
<LI><a href="#[1f7]">&gt;&gt;</a>&nbsp;&nbsp;&nbsp;_handle_aciton
<LI><a href="#[8c]">&gt;&gt;</a>&nbsp;&nbsp;&nbsp;_on_template_downstream_topic_handler
<LI><a href="#[68]">&gt;&gt;</a>&nbsp;&nbsp;&nbsp;_handle_template_reply_callback
</UL>

<P><STRONG><a name="[3b5]"></a>memcmp</STRONG> (Thumb, 26 bytes, Stack size 12 bytes, memcmp.o(.text))
<BR><BR>[Stack]<UL><LI>Max Depth = 12<LI>Call Chain = memcmp
</UL>
<BR>[Called By]<UL><LI><a href="#[34f]">&gt;&gt;</a>&nbsp;&nbsp;&nbsp;ssl_parse_server_hello
<LI><a href="#[3c2]">&gt;&gt;</a>&nbsp;&nbsp;&nbsp;ssl_parse_alpn_ext
<LI><a href="#[364]">&gt;&gt;</a>&nbsp;&nbsp;&nbsp;ssl_check_ctr_renegotiate
</UL>

<P><STRONG><a name="[3a4]"></a>strcpy</STRONG> (Thumb, 18 bytes, Stack size 0 bytes, strcpy.o(.text))
<BR><BR>[Called By]<UL><LI><a href="#[186]">&gt;&gt;</a>&nbsp;&nbsp;&nbsp;qcloud_iot_mqtt_unsubscribe
<LI><a href="#[184]">&gt;&gt;</a>&nbsp;&nbsp;&nbsp;qcloud_iot_mqtt_subscribe
</UL>

<P><STRONG><a name="[1e0]"></a>strncmp</STRONG> (Thumb, 30 bytes, Stack size 12 bytes, strncmp.o(.text))
<BR><BR>[Stack]<UL><LI>Max Depth = 12<LI>Call Chain = strncmp
</UL>
<BR>[Called By]<UL><LI><a href="#[264]">&gt;&gt;</a>&nbsp;&nbsp;&nbsp;at_is_echo_expect
<LI><a href="#[262]">&gt;&gt;</a>&nbsp;&nbsp;&nbsp;at_event_do_get
<LI><a href="#[1df]">&gt;&gt;</a>&nbsp;&nbsp;&nbsp;_check_handle_is_identical
<LI><a href="#[1fd]">&gt;&gt;</a>&nbsp;&nbsp;&nbsp;update_value_if_key_match
<LI><a href="#[6e]">&gt;&gt;</a>&nbsp;&nbsp;&nbsp;json_get_value_by_name_cb
<LI><a href="#[2e5]">&gt;&gt;</a>&nbsp;&nbsp;&nbsp;json_get_next_object
</UL>

<P><STRONG><a name="[1ec]"></a>strrchr</STRONG> (Thumb, 22 bytes, Stack size 0 bytes, strrchr.o(.text))
<BR><BR>[Called By]<UL><LI><a href="#[175]">&gt;&gt;</a>&nbsp;&nbsp;&nbsp;_get_filename
</UL>

<P><STRONG><a name="[da]"></a>__0sscanf</STRONG> (Thumb, 48 bytes, Stack size 72 bytes, __0sscanf.o(.text))
<BR><BR>[Stack]<UL><LI>Max Depth = 264<LI>Call Chain = __0sscanf &rArr; __vfscanf_char &rArr; __vfscanf &rArr; _scanf_real
</UL>
<BR>[Calls]<UL><LI><a href="#[db]">&gt;&gt;</a>&nbsp;&nbsp;&nbsp;__vfscanf_char
</UL>
<BR>[Called By]<UL><LI><a href="#[2]">&gt;&gt;</a>&nbsp;&nbsp;&nbsp;esp8266_parse_domain
<LI><a href="#[211]">&gt;&gt;</a>&nbsp;&nbsp;&nbsp;parse_code_return
<LI><a href="#[1b1]">&gt;&gt;</a>&nbsp;&nbsp;&nbsp;LITE_get_uint8
<LI><a href="#[1b0]">&gt;&gt;</a>&nbsp;&nbsp;&nbsp;LITE_get_uint32
<LI><a href="#[1af]">&gt;&gt;</a>&nbsp;&nbsp;&nbsp;LITE_get_uint16
<LI><a href="#[1ac]">&gt;&gt;</a>&nbsp;&nbsp;&nbsp;LITE_get_int8
<LI><a href="#[1ab]">&gt;&gt;</a>&nbsp;&nbsp;&nbsp;LITE_get_int32
<LI><a href="#[1aa]">&gt;&gt;</a>&nbsp;&nbsp;&nbsp;LITE_get_int16
<LI><a href="#[1a9]">&gt;&gt;</a>&nbsp;&nbsp;&nbsp;LITE_get_float
<LI><a href="#[1a8]">&gt;&gt;</a>&nbsp;&nbsp;&nbsp;LITE_get_double
<LI><a href="#[22a]">&gt;&gt;</a>&nbsp;&nbsp;&nbsp;parse_time_stamp
<LI><a href="#[1fa]">&gt;&gt;</a>&nbsp;&nbsp;&nbsp;_parse_action_input
</UL>

<P><STRONG><a name="[dc]"></a>_scanf_int</STRONG> (Thumb, 332 bytes, Stack size 56 bytes, _scanf_int.o(.text))
<BR><BR>[Stack]<UL><LI>Max Depth = 56<LI>Call Chain = _scanf_int
</UL>
<BR>[Calls]<UL><LI><a href="#[dd]">&gt;&gt;</a>&nbsp;&nbsp;&nbsp;_chval
</UL>
<BR>[Called By]<UL><LI><a href="#[e7]">&gt;&gt;</a>&nbsp;&nbsp;&nbsp;__vfscanf
</UL>

<P><STRONG><a name="[f1]"></a>_scanf_string</STRONG> (Thumb, 224 bytes, Stack size 56 bytes, _scanf_str.o(.text))
<BR><BR>[Stack]<UL><LI>Max Depth = 56<LI>Call Chain = _scanf_string
</UL>
<BR>[Called By]<UL><LI><a href="#[e7]">&gt;&gt;</a>&nbsp;&nbsp;&nbsp;__vfscanf
</UL>

<P><STRONG><a name="[f0]"></a>_scanf_real</STRONG> (Thumb, 0 bytes, Stack size 104 bytes, scanf_fp.o(.text))
<BR><BR>[Stack]<UL><LI>Max Depth = 104<LI>Call Chain = _scanf_real
</UL>
<BR>[Called By]<UL><LI><a href="#[e7]">&gt;&gt;</a>&nbsp;&nbsp;&nbsp;__vfscanf
</UL>

<P><STRONG><a name="[e2]"></a>_scanf_really_real</STRONG> (Thumb, 556 bytes, Stack size 104 bytes, scanf_fp.o(.text), UNUSED)
<BR><BR>[Calls]<UL><LI><a href="#[e4]">&gt;&gt;</a>&nbsp;&nbsp;&nbsp;__aeabi_d2f
<LI><a href="#[e3]">&gt;&gt;</a>&nbsp;&nbsp;&nbsp;_is_digit
<LI><a href="#[de]">&gt;&gt;</a>&nbsp;&nbsp;&nbsp;_fp_value
</UL>

<P><STRONG><a name="[e1]"></a>__aeabi_ddiv</STRONG> (Thumb, 222 bytes, Stack size 32 bytes, ddiv.o(.text), UNUSED)
<BR><BR>[Calls]<UL><LI><a href="#[e5]">&gt;&gt;</a>&nbsp;&nbsp;&nbsp;_double_round
</UL>
<BR>[Called By]<UL><LI><a href="#[de]">&gt;&gt;</a>&nbsp;&nbsp;&nbsp;_fp_value
<LI><a href="#[44e]">&gt;&gt;</a>&nbsp;&nbsp;&nbsp;_fp_digits
</UL>

<P><STRONG><a name="[1c8]"></a>__aeabi_f2d</STRONG> (Thumb, 38 bytes, Stack size 0 bytes, f2d.o(.text))
<BR><BR>[Called By]<UL><LI><a href="#[69]">&gt;&gt;</a>&nbsp;&nbsp;&nbsp;OnActionCallback
<LI><a href="#[19b]">&gt;&gt;</a>&nbsp;&nbsp;&nbsp;put_json_node
<LI><a href="#[217]">&gt;&gt;</a>&nbsp;&nbsp;&nbsp;template_put_json_node
</UL>

<P><STRONG><a name="[e4]"></a>__aeabi_d2f</STRONG> (Thumb, 56 bytes, Stack size 8 bytes, d2f.o(.text), UNUSED)
<BR><BR>[Calls]<UL><LI><a href="#[e6]">&gt;&gt;</a>&nbsp;&nbsp;&nbsp;_float_round
</UL>
<BR>[Called By]<UL><LI><a href="#[e2]">&gt;&gt;</a>&nbsp;&nbsp;&nbsp;_scanf_really_real
</UL>

<P><STRONG><a name="[460]"></a>__aeabi_uidiv</STRONG> (Thumb, 0 bytes, Stack size 12 bytes, uidiv.o(.text), UNUSED)

<P><STRONG><a name="[452]"></a>__aeabi_uidivmod</STRONG> (Thumb, 44 bytes, Stack size 12 bytes, uidiv.o(.text), UNUSED)
<BR><BR>[Called By]<UL><LI><a href="#[44a]">&gt;&gt;</a>&nbsp;&nbsp;&nbsp;_printf_core
</UL>

<P><STRONG><a name="[d7]"></a>__aeabi_llsl</STRONG> (Thumb, 30 bytes, Stack size 0 bytes, llshl.o(.text))
<BR><BR>[Called By]<UL><LI><a href="#[d5]">&gt;&gt;</a>&nbsp;&nbsp;&nbsp;__aeabi_uldivmod
<LI><a href="#[e8]">&gt;&gt;</a>&nbsp;&nbsp;&nbsp;_double_epilogue
<LI><a href="#[e9]">&gt;&gt;</a>&nbsp;&nbsp;&nbsp;__aeabi_dadd
<LI><a href="#[ed]">&gt;&gt;</a>&nbsp;&nbsp;&nbsp;__aeabi_d2ulz
</UL>

<P><STRONG><a name="[461]"></a>_ll_shift_l</STRONG> (Thumb, 0 bytes, Stack size 0 bytes, llshl.o(.text), UNUSED)

<P><STRONG><a name="[d6]"></a>__aeabi_llsr</STRONG> (Thumb, 32 bytes, Stack size 0 bytes, llushr.o(.text))
<BR><BR>[Called By]<UL><LI><a href="#[d5]">&gt;&gt;</a>&nbsp;&nbsp;&nbsp;__aeabi_uldivmod
<LI><a href="#[e8]">&gt;&gt;</a>&nbsp;&nbsp;&nbsp;_double_epilogue
<LI><a href="#[ed]">&gt;&gt;</a>&nbsp;&nbsp;&nbsp;__aeabi_d2ulz
</UL>

<P><STRONG><a name="[462]"></a>_ll_ushift_r</STRONG> (Thumb, 0 bytes, Stack size 0 bytes, llushr.o(.text), UNUSED)

<P><STRONG><a name="[dd]"></a>_chval</STRONG> (Thumb, 28 bytes, Stack size 0 bytes, _chval.o(.text))
<BR><BR>[Called By]<UL><LI><a href="#[dc]">&gt;&gt;</a>&nbsp;&nbsp;&nbsp;_scanf_int
</UL>

<P><STRONG><a name="[db]"></a>__vfscanf_char</STRONG> (Thumb, 20 bytes, Stack size 0 bytes, scanf_char.o(.text))
<BR><BR>[Stack]<UL><LI>Max Depth = 192<LI>Call Chain = __vfscanf_char &rArr; __vfscanf &rArr; _scanf_real
</UL>
<BR>[Calls]<UL><LI><a href="#[e7]">&gt;&gt;</a>&nbsp;&nbsp;&nbsp;__vfscanf
</UL>
<BR>[Called By]<UL><LI><a href="#[da]">&gt;&gt;</a>&nbsp;&nbsp;&nbsp;__0sscanf
</UL>

<P><STRONG><a name="[58]"></a>_sgetc</STRONG> (Thumb, 30 bytes, Stack size 0 bytes, _sgetc.o(.text))
<BR>[Address Reference Count : 1]<UL><LI> __0sscanf.o(.text)
</UL>
<P><STRONG><a name="[59]"></a>_sbackspace</STRONG> (Thumb, 34 bytes, Stack size 0 bytes, _sgetc.o(.text))
<BR>[Address Reference Count : 1]<UL><LI> __0sscanf.o(.text)
</UL>
<P><STRONG><a name="[463]"></a>__I$use$fp</STRONG> (Thumb, 0 bytes, Stack size 0 bytes, iusefp.o(.text), UNUSED)

<P><STRONG><a name="[e6]"></a>_float_round</STRONG> (Thumb, 18 bytes, Stack size 0 bytes, fepilogue.o(.text), UNUSED)
<BR><BR>[Called By]<UL><LI><a href="#[e4]">&gt;&gt;</a>&nbsp;&nbsp;&nbsp;__aeabi_d2f
</UL>

<P><STRONG><a name="[464]"></a>_float_epilogue</STRONG> (Thumb, 92 bytes, Stack size 4 bytes, fepilogue.o(.text), UNUSED)

<P><STRONG><a name="[e5]"></a>_double_round</STRONG> (Thumb, 30 bytes, Stack size 8 bytes, depilogue.o(.text), UNUSED)
<BR><BR>[Called By]<UL><LI><a href="#[e1]">&gt;&gt;</a>&nbsp;&nbsp;&nbsp;__aeabi_ddiv
<LI><a href="#[e8]">&gt;&gt;</a>&nbsp;&nbsp;&nbsp;_double_epilogue
<LI><a href="#[e9]">&gt;&gt;</a>&nbsp;&nbsp;&nbsp;__aeabi_dadd
</UL>

<P><STRONG><a name="[e8]"></a>_double_epilogue</STRONG> (Thumb, 156 bytes, Stack size 32 bytes, depilogue.o(.text), UNUSED)
<BR><BR>[Calls]<UL><LI><a href="#[d6]">&gt;&gt;</a>&nbsp;&nbsp;&nbsp;__aeabi_llsr
<LI><a href="#[d7]">&gt;&gt;</a>&nbsp;&nbsp;&nbsp;__aeabi_llsl
<LI><a href="#[e5]">&gt;&gt;</a>&nbsp;&nbsp;&nbsp;_double_round
</UL>
<BR>[Called By]<UL><LI><a href="#[df]">&gt;&gt;</a>&nbsp;&nbsp;&nbsp;__aeabi_ul2d
<LI><a href="#[e0]">&gt;&gt;</a>&nbsp;&nbsp;&nbsp;__aeabi_dmul
<LI><a href="#[e9]">&gt;&gt;</a>&nbsp;&nbsp;&nbsp;__aeabi_dadd
</UL>

<P><STRONG><a name="[e9]"></a>__aeabi_dadd</STRONG> (Thumb, 322 bytes, Stack size 48 bytes, dadd.o(.text), UNUSED)
<BR><BR>[Calls]<UL><LI><a href="#[ea]">&gt;&gt;</a>&nbsp;&nbsp;&nbsp;__aeabi_lasr
<LI><a href="#[d7]">&gt;&gt;</a>&nbsp;&nbsp;&nbsp;__aeabi_llsl
<LI><a href="#[e8]">&gt;&gt;</a>&nbsp;&nbsp;&nbsp;_double_epilogue
<LI><a href="#[e5]">&gt;&gt;</a>&nbsp;&nbsp;&nbsp;_double_round
</UL>
<BR>[Called By]<UL><LI><a href="#[ec]">&gt;&gt;</a>&nbsp;&nbsp;&nbsp;__aeabi_drsub
<LI><a href="#[eb]">&gt;&gt;</a>&nbsp;&nbsp;&nbsp;__aeabi_dsub
<LI><a href="#[44e]">&gt;&gt;</a>&nbsp;&nbsp;&nbsp;_fp_digits
</UL>

<P><STRONG><a name="[eb]"></a>__aeabi_dsub</STRONG> (Thumb, 6 bytes, Stack size 0 bytes, dadd.o(.text), UNUSED)
<BR><BR>[Calls]<UL><LI><a href="#[e9]">&gt;&gt;</a>&nbsp;&nbsp;&nbsp;__aeabi_dadd
</UL>

<P><STRONG><a name="[ec]"></a>__aeabi_drsub</STRONG> (Thumb, 6 bytes, Stack size 0 bytes, dadd.o(.text), UNUSED)
<BR><BR>[Calls]<UL><LI><a href="#[e9]">&gt;&gt;</a>&nbsp;&nbsp;&nbsp;__aeabi_dadd
</UL>

<P><STRONG><a name="[e0]"></a>__aeabi_dmul</STRONG> (Thumb, 228 bytes, Stack size 48 bytes, dmul.o(.text), UNUSED)
<BR><BR>[Calls]<UL><LI><a href="#[e8]">&gt;&gt;</a>&nbsp;&nbsp;&nbsp;_double_epilogue
</UL>
<BR>[Called By]<UL><LI><a href="#[de]">&gt;&gt;</a>&nbsp;&nbsp;&nbsp;_fp_value
<LI><a href="#[44e]">&gt;&gt;</a>&nbsp;&nbsp;&nbsp;_fp_digits
</UL>

<P><STRONG><a name="[df]"></a>__aeabi_ul2d</STRONG> (Thumb, 24 bytes, Stack size 16 bytes, dfltul.o(.text), UNUSED)
<BR><BR>[Calls]<UL><LI><a href="#[e8]">&gt;&gt;</a>&nbsp;&nbsp;&nbsp;_double_epilogue
</UL>
<BR>[Called By]<UL><LI><a href="#[de]">&gt;&gt;</a>&nbsp;&nbsp;&nbsp;_fp_value
</UL>

<P><STRONG><a name="[ed]"></a>__aeabi_d2ulz</STRONG> (Thumb, 48 bytes, Stack size 0 bytes, dfixul.o(.text), UNUSED)
<BR><BR>[Calls]<UL><LI><a href="#[d6]">&gt;&gt;</a>&nbsp;&nbsp;&nbsp;__aeabi_llsr
<LI><a href="#[d7]">&gt;&gt;</a>&nbsp;&nbsp;&nbsp;__aeabi_llsl
</UL>
<BR>[Called By]<UL><LI><a href="#[44e]">&gt;&gt;</a>&nbsp;&nbsp;&nbsp;_fp_digits
</UL>

<P><STRONG><a name="[44f]"></a>__aeabi_cdrcmple</STRONG> (Thumb, 48 bytes, Stack size 0 bytes, cdrcmple.o(.text), UNUSED)
<BR><BR>[Called By]<UL><LI><a href="#[44e]">&gt;&gt;</a>&nbsp;&nbsp;&nbsp;_fp_digits
</UL>

<P><STRONG><a name="[d4]"></a>__scatterload</STRONG> (Thumb, 28 bytes, Stack size 0 bytes, init.o(.text))
<BR><BR>[Calls]<UL><LI><a href="#[ee]">&gt;&gt;</a>&nbsp;&nbsp;&nbsp;__main_after_scatterload
</UL>
<BR>[Called By]<UL><LI><a href="#[d3]">&gt;&gt;</a>&nbsp;&nbsp;&nbsp;_main_scatterload
</UL>

<P><STRONG><a name="[465]"></a>__scatterload_rt2</STRONG> (Thumb, 0 bytes, Stack size 0 bytes, init.o(.text), UNUSED)

<P><STRONG><a name="[ea]"></a>__aeabi_lasr</STRONG> (Thumb, 36 bytes, Stack size 0 bytes, llsshr.o(.text), UNUSED)
<BR><BR>[Called By]<UL><LI><a href="#[e9]">&gt;&gt;</a>&nbsp;&nbsp;&nbsp;__aeabi_dadd
</UL>

<P><STRONG><a name="[466]"></a>_ll_sshift_r</STRONG> (Thumb, 0 bytes, Stack size 0 bytes, llsshr.o(.text), UNUSED)

<P><STRONG><a name="[5b]"></a>isspace</STRONG> (Thumb, 10 bytes, Stack size 0 bytes, isspace_c.o(.text))
<BR><BR>[Calls]<UL><LI><a href="#[ef]">&gt;&gt;</a>&nbsp;&nbsp;&nbsp;__ctype_lookup
</UL>
<BR>[Address Reference Count : 1]<UL><LI> scanf_char.o(.text)
</UL>
<P><STRONG><a name="[e7]"></a>__vfscanf</STRONG> (Thumb, 808 bytes, Stack size 88 bytes, _scanf.o(.text))
<BR><BR>[Stack]<UL><LI>Max Depth = 192<LI>Call Chain = __vfscanf &rArr; _scanf_real
</UL>
<BR>[Calls]<UL><LI><a href="#[f0]">&gt;&gt;</a>&nbsp;&nbsp;&nbsp;_scanf_real
<LI><a href="#[f1]">&gt;&gt;</a>&nbsp;&nbsp;&nbsp;_scanf_string
<LI><a href="#[dc]">&gt;&gt;</a>&nbsp;&nbsp;&nbsp;_scanf_int
</UL>
<BR>[Called By]<UL><LI><a href="#[db]">&gt;&gt;</a>&nbsp;&nbsp;&nbsp;__vfscanf_char
</UL>

<P><STRONG><a name="[ef]"></a>__ctype_lookup</STRONG> (Thumb, 34 bytes, Stack size 0 bytes, ctype_c.o(.text))
<BR><BR>[Called By]<UL><LI><a href="#[5b]">&gt;&gt;</a>&nbsp;&nbsp;&nbsp;isspace
</UL>

<P><STRONG><a name="[467]"></a>__decompress</STRONG> (Thumb, 0 bytes, Stack size unknown bytes, __dczerorl2.o(.text), UNUSED)

<P><STRONG><a name="[468]"></a>__decompress1</STRONG> (Thumb, 86 bytes, Stack size unknown bytes, __dczerorl2.o(.text), UNUSED)

<P><STRONG><a name="[f]"></a>BusFault_Handler</STRONG> (Thumb, 2 bytes, Stack size 0 bytes, stm32l4xx_it_module.o(.text.BusFault_Handler))
<BR><BR>[Calls]<UL><LI><a href="#[f]">&gt;&gt;</a>&nbsp;&nbsp;&nbsp;BusFault_Handler
</UL>
[...]
</UL>
<BR>[Calls]<UL><LI><a href="#[fd]">&gt;&gt;</a>&nbsp;&nbsp;&nbsp;IOT_Log_Gen
<LI><a href="#[189]">&gt;&gt;</a>&nbsp;&nbsp;&nbsp;IOT_Template_ClearControl
</UL>
<BR>[Address Reference Count : 1]<UL><LI> data_template_client.o(.text.IOT_Template_GetStatus_sync)
</UL>
<P><STRONG><a name="[18c]"></a>_init_request_params</STRONG> (Thumb, 14 bytes, Stack size 0 bytes, data_template_client.o(.text._init_request_params))
<BR><BR>[Called By]<UL><LI><a href="#[1a1]">&gt;&gt;</a>&nbsp;&nbsp;&nbsp;IOT_Template_Report
<LI><a href="#[193]">&gt;&gt;</a>&nbsp;&nbsp;&nbsp;IOT_Template_ControlReply
<LI><a href="#[1a2]">&gt;&gt;</a>&nbsp;&nbsp;&nbsp;IOT_Template_Report_SysInfo
<LI><a href="#[196]">&gt;&gt;</a>&nbsp;&nbsp;&nbsp;IOT_Template_GetStatus
<LI><a href="#[189]">&gt;&gt;</a>&nbsp;&nbsp;&nbsp;IOT_Template_ClearControl
</UL>

<P><STRONG><a name="[66]"></a>_reply_ack_cb</STRONG> (Thumb, 128 bytes, Stack size 24 bytes, data_template_client.o(.text._reply_ack_cb))
<BR><BR>[Stack]<UL><LI>Max Depth = 640 + Unknown Stack Size
<LI>Call Chain = _reply_ack_cb &rArr; IOT_Log_Gen &rArr; HAL_Timer_current &rArr; HAL_Timer_current_sec &rArr; HAL_GetTimeMs &rArr; tos_systick_get &rArr; tos_cpu_cpsr_save
</UL>
<BR>[Calls]<UL><LI><a href="#[fd]">&gt;&gt;</a>&nbsp;&nbsp;&nbsp;IOT_Log_Gen
</UL>
<BR>[Address Reference Count : 1]<UL><LI> data_template_client.o(.text.IOT_Template_Report_SysInfo_Sync)
</UL>
<P><STRONG><a name="[194]"></a>_template_ConstructControlReply</STRONG> (Thumb, 280 bytes, Stack size 40 bytes, data_template_client.o(.text._template_ConstructControlReply))
<BR><BR>[Stack]<UL><LI>Max Depth = 656 + Unknown Stack Size
<LI>Call Chain = _template_ConstructControlReply &rArr; IOT_Log_Gen &rArr; HAL_Timer_current &rArr; HAL_Timer_current_sec &rArr; HAL_GetTimeMs &rArr; tos_systick_get &rArr; tos_cpu_cpsr_save
</UL>
<BR>[Calls]<UL><LI><a href="#[fd]">&gt;&gt;</a>&nbsp;&nbsp;&nbsp;IOT_Log_Gen
<LI><a href="#[127]">&gt;&gt;</a>&nbsp;&nbsp;&nbsp;HAL_Snprintf
<LI><a href="#[244]">&gt;&gt;</a>&nbsp;&nbsp;&nbsp;get_control_clientToken
<LI><a href="#[18b]">&gt;&gt;</a>&nbsp;&nbsp;&nbsp;check_snprintf_return
<LI><a href="#[177]">&gt;&gt;</a>&nbsp;&nbsp;&nbsp;strlen
</UL>
<BR>[Called By]<UL><LI><a href="#[193]">&gt;&gt;</a>&nbsp;&nbsp;&nbsp;IOT_Template_ControlReply
</UL>

<P><STRONG><a name="[64]"></a>_template_mqtt_event_handler</STRONG> (Thumb, 352 bytes, Stack size 40 bytes, data_template_client.o(.text._template_mqtt_event_handler))
<BR><BR>[Stack]<UL><LI>Max Depth = 656 + Unknown Stack Size
<LI>Call Chain = _template_mqtt_event_handler &rArr; IOT_Log_Gen &rArr; HAL_Timer_current &rArr; HAL_Timer_current_sec &rArr; HAL_GetTimeMs &rArr; tos_systick_get &rArr; tos_cpu_cpsr_save
</UL>
<BR>[Calls]<UL><LI><a href="#[fd]">&gt;&gt;</a>&nbsp;&nbsp;&nbsp;IOT_Log_Gen
</UL>
<BR>[Address Reference Count : 1]<UL><LI> data_template_client.o(.text.IOT_Template_Construct)
</UL>
<P><STRONG><a name="[1db]"></a>_add_property_handle_to_template_list</STRONG> (Thumb, 156 bytes, Stack size 24 bytes, data_template_client_common.o(.text._add_property_handle_to_template_list))
<BR><BR>[Stack]<UL><LI>Max Depth = 640 + Unknown Stack Size
<LI>Call Chain = _add_property_handle_to_template_list &rArr; IOT_Log_Gen &rArr; HAL_Timer_current &rArr; HAL_Timer_current_sec &rArr; HAL_GetTimeMs &rArr; tos_systick_get &rArr; tos_cpu_cpsr_save
</UL>
<BR>[Calls]<UL><LI><a href="#[fd]">&gt;&gt;</a>&nbsp;&nbsp;&nbsp;IOT_Log_Gen
<LI><a href="#[106]">&gt;&gt;</a>&nbsp;&nbsp;&nbsp;HAL_Malloc
<LI><a href="#[1da]">&gt;&gt;</a>&nbsp;&nbsp;&nbsp;list_rpush
<LI><a href="#[1d9]">&gt;&gt;</a>&nbsp;&nbsp;&nbsp;list_node_new
</UL>
<BR>[Called By]<UL><LI><a href="#[1a0]">&gt;&gt;</a>&nbsp;&nbsp;&nbsp;template_common_register_property_on_delta
</UL>

<P><STRONG><a name="[1eb]"></a>_direct_update_value</STRONG> (Thumb, 280 bytes, Stack size 16 bytes, data_template_client_json.o(.text._direct_update_value))
<BR><BR>[Stack]<UL><LI>Max Depth = 632 + Unknown Stack Size
<LI>Call Chain = _direct_update_value &rArr; IOT_Log_Gen &rArr; HAL_Timer_current &rArr; HAL_Timer_current_sec &rArr; HAL_GetTimeMs &rArr; tos_systick_get &rArr; tos_cpu_cpsr_save
</UL>
<BR>[Calls]<UL><LI><a href="#[fd]">&gt;&gt;</a>&nbsp;&nbsp;&nbsp;IOT_Log_Gen
<LI><a href="#[1b1]">&gt;&gt;</a>&nbsp;&nbsp;&nbsp;LITE_get_uint8
<LI><a href="#[1b0]">&gt;&gt;</a>&nbsp;&nbsp;&nbsp;LITE_get_uint32
<LI><a href="#[1af]">&gt;&gt;</a>&nbsp;&nbsp;&nbsp;LITE_get_uint16
<LI><a href="#[1ad]">&gt;&gt;</a>&nbsp;&nbsp;&nbsp;LITE_get_string
<LI><a href="#[1ac]">&gt;&gt;</a>&nbsp;&nbsp;&nbsp;LITE_get_int8
<LI><a href="#[1ab]">&gt;&gt;</a>&nbsp;&nbsp;&nbsp;LITE_get_int32
<LI><a href="#[1aa]">&gt;&gt;</a>&nbsp;&nbsp;&nbsp;LITE_get_int16
<LI><a href="#[1a9]">&gt;&gt;</a>&nbsp;&nbsp;&nbsp;LITE_get_float
<LI><a href="#[1a8]">&gt;&gt;</a>&nbsp;&nbsp;&nbsp;LITE_get_double
<LI><a href="#[1a6]">&gt;&gt;</a>&nbsp;&nbsp;&nbsp;LITE_get_boolean
</UL>
<BR>[Called By]<UL><LI><a href="#[1fd]">&gt;&gt;</a>&nbsp;&nbsp;&nbsp;update_value_if_key_match
</UL>

<P><STRONG><a name="[1dc]"></a>_add_request_to_template_list</STRONG> (Thumb, 244 bytes, Stack size 24 bytes, data_template_client_manager.o(.text._add_request_to_template_list))
<BR><BR>[Stack]<UL><LI>Max Depth = 640 + Unknown Stack Size
<LI>Call Chain = _add_request_to_template_list &rArr; IOT_Log_Gen &rArr; HAL_Timer_current &rArr; HAL_Timer_current_sec &rArr; HAL_GetTimeMs &rArr; tos_systick_get &rArr; tos_cpu_cpsr_save
</UL>
<BR>[Calls]<UL><LI><a href="#[fd]">&gt;&gt;</a>&nbsp;&nbsp;&nbsp;IOT_Log_Gen
<LI><a href="#[14a]">&gt;&gt;</a>&nbsp;&nbsp;&nbsp;InitTimer
<LI><a href="#[10f]">&gt;&gt;</a>&nbsp;&nbsp;&nbsp;HAL_MutexUnlock
<LI><a href="#[10d]">&gt;&gt;</a>&nbsp;&nbsp;&nbsp;HAL_MutexLock
<LI><a href="#[106]">&gt;&gt;</a>&nbsp;&nbsp;&nbsp;HAL_Malloc
<LI><a href="#[1da]">&gt;&gt;</a>&nbsp;&nbsp;&nbsp;list_rpush
<LI><a href="#[1d9]">&gt;&gt;</a>&nbsp;&nbsp;&nbsp;list_node_new
<LI><a href="#[1dd]">&gt;&gt;</a>&nbsp;&nbsp;&nbsp;countdown
<LI><a href="#[1ae]">&gt;&gt;</a>&nbsp;&nbsp;&nbsp;strncpy
</UL>
<BR>[Called By]<UL><LI><a href="#[18d]">&gt;&gt;</a>&nbsp;&nbsp;&nbsp;send_template_request
</UL>

<P><STRONG><a name="[1fc]"></a>_handle_control</STRONG> (Thumb, 172 bytes, Stack size 40 bytes, data_template_client_manager.o(.text._handle_control))
<BR><BR>[Stack]<UL><LI>Max Depth = 832 + Unknown Stack Size
<LI>Call Chain = _handle_control &rArr; update_value_if_key_match &rArr; LITE_json_value_of &rArr; json_get_value_by_name &rArr; json_parse_name_value &rArr; IOT_Log_Gen &rArr; HAL_Timer_current &rArr; HAL_Timer_current_sec &rArr; HAL_GetTimeMs &rArr; tos_systick_get &rArr; tos_cpu_cpsr_save
</UL>
<BR>[Calls]<UL><LI><a href="#[fd]">&gt;&gt;</a>&nbsp;&nbsp;&nbsp;IOT_Log_Gen
<LI><a href="#[10f]">&gt;&gt;</a>&nbsp;&nbsp;&nbsp;HAL_MutexUnlock
<LI><a href="#[1f9]">&gt;&gt;</a>&nbsp;&nbsp;&nbsp;list_iterator_next
<LI><a href="#[1f8]">&gt;&gt;</a>&nbsp;&nbsp;&nbsp;list_iterator_new
<LI><a href="#[1fb]">&gt;&gt;</a>&nbsp;&nbsp;&nbsp;list_iterator_destroy
<LI><a href="#[1fd]">&gt;&gt;</a>&nbsp;&nbsp;&nbsp;update_value_if_key_match
<LI><a href="#[177]">&gt;&gt;</a>&nbsp;&nbsp;&nbsp;strlen
</UL>
<BR>[Called By]<UL><LI><a href="#[8c]">&gt;&gt;</a>&nbsp;&nbsp;&nbsp;_on_template_downstream_topic_handler
<LI><a href="#[68]">&gt;&gt;</a>&nbsp;&nbsp;&nbsp;_handle_template_reply_callback
</UL>

<P><STRONG><a name="[6d]"></a>_handle_template_expired_reply_callback</STRONG> (Thumb, 74 bytes, Stack size 24 bytes, data_template_client_manager.o(.text._handle_template_expired_reply_callback))
<BR><BR>[Stack]<UL><LI>Max Depth = 128 + Unknown Stack Size
<LI>Call Chain = _handle_template_expired_reply_callback &rArr; list_remove &rArr; HAL_Free &rArr; tos_mmheap_free &rArr; blk_merge_prev &rArr; blk_remove &rArr; mapping_insert &rArr; __fls &rArr; generic_fls &rArr; tos_cpu_clz
</UL>
<BR>[Calls]<UL><LI><a href="#[210]">&gt;&gt;</a>&nbsp;&nbsp;&nbsp;list_remove
<LI><a href="#[14d]">&gt;&gt;</a>&nbsp;&nbsp;&nbsp;expired
</UL>
<BR>[Address Reference Count : 1]<UL><LI> data_template_client_manager.o(.text.handle_template_expired_reply)
</UL>
<P><STRONG><a name="[68]"></a>_handle_template_reply_callback</STRONG> (Thumb, 344 bytes, Stack size 48 bytes, data_template_client_manager.o(.text._handle_template_reply_callback))
<BR><BR>[Stack]<UL><LI>Max Depth = 880 + Unknown Stack Size
<LI>Call Chain = _handle_template_reply_callback &rArr; _handle_control &rArr; update_value_if_key_match &rArr; LITE_json_value_of &rArr; json_get_value_by_name &rArr; json_parse_name_value &rArr; IOT_Log_Gen &rArr; HAL_Timer_current &rArr; HAL_Timer_current_sec &rArr; HAL_GetTimeMs &rArr; tos_systick_get &rArr; tos_cpu_cpsr_save
</UL>
<BR>[Calls]<UL><LI><a href="#[fd]">&gt;&gt;</a>&nbsp;&nbsp;&nbsp;IOT_Log_Gen
<LI><a href="#[89]">&gt;&gt;</a>&nbsp;&nbsp;&nbsp;HAL_Free
<LI><a href="#[210]">&gt;&gt;</a>&nbsp;&nbsp;&nbsp;list_remove
<LI><a href="#[212]">&gt;&gt;</a>&nbsp;&nbsp;&nbsp;parse_template_get_control
<LI><a href="#[211]">&gt;&gt;</a>&nbsp;&nbsp;&nbsp;parse_code_return
<LI><a href="#[213]">&gt;&gt;</a>&nbsp;&nbsp;&nbsp;_set_control_clientToken
<LI><a href="#[1fc]">&gt;&gt;</a>&nbsp;&nbsp;&nbsp;_handle_control
<LI><a href="#[1a7]">&gt;&gt;</a>&nbsp;&nbsp;&nbsp;strcmp
</UL>
<BR>[Address Reference Count : 1]<UL><LI> data_template_client_manager.o(.text._on_template_downstream_topic_handler)
</UL>
<P><STRONG><a name="[8c]"></a>_on_template_downstream_topic_handler</STRONG> (Thumb, 540 bytes, Stack size 48 bytes, data_template_client_manager.o(.text._on_template_downstream_topic_handler))
<BR><BR>[Stack]<UL><LI>Max Depth = 880 + Unknown Stack Size
<LI>Call Chain = _on_template_downstream_topic_handler &rArr; _handle_control &rArr; update_value_if_key_match &rArr; LITE_json_value_of &rArr; json_get_value_by_name &rArr; json_parse_name_value &rArr; IOT_Log_Gen &rArr; HAL_Timer_current &rArr; HAL_Timer_current_sec &rArr; HAL_GetTimeMs &rArr; tos_systick_get &rArr; tos_cpu_cpsr_save
</UL>
<BR>[Calls]<UL><LI><a href="#[fd]">&gt;&gt;</a>&nbsp;&nbsp;&nbsp;IOT_Log_Gen
<LI><a href="#[89]">&gt;&gt;</a>&nbsp;&nbsp;&nbsp;HAL_Free
<LI><a href="#[10f]">&gt;&gt;</a>&nbsp;&nbsp;&nbsp;HAL_MutexUnlock
<LI><a href="#[10d]">&gt;&gt;</a>&nbsp;&nbsp;&nbsp;HAL_MutexLock
<LI><a href="#[22d]">&gt;&gt;</a>&nbsp;&nbsp;&nbsp;parse_template_cmd_control
<LI><a href="#[227]">&gt;&gt;</a>&nbsp;&nbsp;&nbsp;parse_template_method_type
<LI><a href="#[228]">&gt;&gt;</a>&nbsp;&nbsp;&nbsp;parse_client_token
<LI><a href="#[22c]">&gt;&gt;</a>&nbsp;&nbsp;&nbsp;_traverse_template_list
<LI><a href="#[213]">&gt;&gt;</a>&nbsp;&nbsp;&nbsp;_set_control_clientToken
<LI><a href="#[1fc]">&gt;&gt;</a>&nbsp;&nbsp;&nbsp;_handle_control
<LI><a href="#[1a7]">&gt;&gt;</a>&nbsp;&nbsp;&nbsp;strcmp
<LI><a href="#[176]">&gt;&gt;</a>&nbsp;&nbsp;&nbsp;__aeabi_memclr4
<LI><a href="#[1c9]">&gt;&gt;</a>&nbsp;&nbsp;&nbsp;__aeabi_memcpy
</UL>
<BR>[Address Reference Count : 1]<UL><LI> data_template_client_manager.o(.text.subscribe_template_downstream_topic)
</UL>
<P><STRONG><a name="[213]"></a>_set_control_clientToken</STRONG> (Thumb, 32 bytes, Stack size 16 bytes, data_template_client_manager.o(.text._set_control_clientToken))
<BR><BR>[Stack]<UL><LI>Max Depth = 24<LI>Call Chain = _set_control_clientToken &rArr; strncpy
</UL>
<BR>[Calls]<UL><LI><a href="#[1ae]">&gt;&gt;</a>&nbsp;&nbsp;&nbsp;strncpy
<LI><a href="#[176]">&gt;&gt;</a>&nbsp;&nbsp;&nbsp;__aeabi_memclr4
</UL>
<BR>[Called By]<UL><LI><a href="#[8c]">&gt;&gt;</a>&nbsp;&nbsp;&nbsp;_on_template_downstream_topic_handler
<LI><a href="#[68]">&gt;&gt;</a>&nbsp;&nbsp;&nbsp;_handle_template_reply_callback
</UL>

<P><STRONG><a name="[23f]"></a>_set_template_json_type</STRONG> (Thumb, 264 bytes, Stack size 104 bytes, data_template_client_manager.o(.text._set_template_json_type))
<BR><BR>[Stack]<UL><LI>Max Depth = 720 + Unknown Stack Size
<LI>Call Chain = _set_template_json_type &rArr; IOT_Log_Gen &rArr; HAL_Timer_current &rArr; HAL_Timer_current_sec &rArr; HAL_GetTimeMs &rArr; tos_systick_get &rArr; tos_cpu_cpsr_save
</UL>
<BR>[Calls]<UL><LI><a href="#[fd]">&gt;&gt;</a>&nbsp;&nbsp;&nbsp;IOT_Log_Gen
<LI><a href="#[127]">&gt;&gt;</a>&nbsp;&nbsp;&nbsp;HAL_Snprintf
<LI><a href="#[240]">&gt;&gt;</a>&nbsp;&nbsp;&nbsp;insert_str
<LI><a href="#[177]">&gt;&gt;</a>&nbsp;&nbsp;&nbsp;strlen
<LI><a href="#[176]">&gt;&gt;</a>&nbsp;&nbsp;&nbsp;__aeabi_memclr4
</UL>
<BR>[Called By]<UL><LI><a href="#[18d]">&gt;&gt;</a>&nbsp;&nbsp;&nbsp;send_template_request
</UL>

<P><STRONG><a name="[22c]"></a>_traverse_template_list</STRONG> (Thumb, 164 bytes, Stack size 48 bytes, data_template_client_manager.o(.text._traverse_template_list))
<BR><BR>[Stack]<UL><LI>Max Depth = 664 + Unknown Stack Size
<LI>Call Chain = _traverse_template_list &rArr; IOT_Log_Gen &rArr; HAL_Timer_current &rArr; HAL_Timer_current_sec &rArr; HAL_GetTimeMs &rArr; tos_systick_get &rArr; tos_cpu_cpsr_save
</UL>
<BR>[Calls]<UL><LI><a href="#[fd]">&gt;&gt;</a>&nbsp;&nbsp;&nbsp;IOT_Log_Gen
<LI><a href="#[10f]">&gt;&gt;</a>&nbsp;&nbsp;&nbsp;HAL_MutexUnlock
<LI><a href="#[10d]">&gt;&gt;</a>&nbsp;&nbsp;&nbsp;HAL_MutexLock
<LI><a href="#[1f9]">&gt;&gt;</a>&nbsp;&nbsp;&nbsp;list_iterator_next
<LI><a href="#[1f8]">&gt;&gt;</a>&nbsp;&nbsp;&nbsp;list_iterator_new
<LI><a href="#[1fb]">&gt;&gt;</a>&nbsp;&nbsp;&nbsp;list_iterator_destroy
</UL>
<BR>[Called By]<UL><LI><a href="#[1a4]">&gt;&gt;</a>&nbsp;&nbsp;&nbsp;handle_template_expired_reply
<LI><a href="#[8c]">&gt;&gt;</a>&nbsp;&nbsp;&nbsp;_on_template_downstream_topic_handler
</UL>

<P><STRONG><a name="[245]"></a>_unsubscribe_template_downstream_topic</STRONG> (Thumb, 140 bytes, Stack size 152 bytes, data_template_client_manager.o(.text._unsubscribe_template_downstream_topic))
<BR><BR>[Stack]<UL><LI>Max Depth = 952 + Unknown Stack Size
<LI>Call Chain = _unsubscribe_template_downstream_topic &rArr; IOT_MQTT_Unsubscribe &rArr; qcloud_iot_mqtt_unsubscribe &rArr; _serialize_unsubscribe_packet &rArr; mqtt_init_packet_header &rArr; IOT_Log_Gen &rArr; HAL_Timer_current &rArr; HAL_Timer_current_sec &rArr; HAL_GetTimeMs &rArr; tos_systick_get &rArr; tos_cpu_cpsr_save
</UL>
<BR>[Calls]<UL><LI><a href="#[fd]">&gt;&gt;</a>&nbsp;&nbsp;&nbsp;IOT_Log_Gen
<LI><a href="#[170]">&gt;&gt;</a>&nbsp;&nbsp;&nbsp;iot_device_info_get
<LI><a href="#[185]">&gt;&gt;</a>&nbsp;&nbsp;&nbsp;IOT_MQTT_Unsubscribe
<LI><a href="#[127]">&gt;&gt;</a>&nbsp;&nbsp;&nbsp;HAL_Snprintf
<LI><a href="#[176]">&gt;&gt;</a>&nbsp;&nbsp;&nbsp;__aeabi_memclr4
</UL>
<BR>[Called By]<UL><LI><a href="#[195]">&gt;&gt;</a>&nbsp;&nbsp;&nbsp;qcloud_iot_template_reset
</UL>

<P><STRONG><a name="[175]"></a>_get_filename</STRONG> (Thumb, 20 bytes, Stack size 8 bytes, qcloud_iot_log.o(.text._get_filename))
<BR><BR>[Stack]<UL><LI>Max Depth = 8<LI>Call Chain = _get_filename
</UL>
<BR>[Calls]<UL><LI><a href="#[1ec]">&gt;&gt;</a>&nbsp;&nbsp;&nbsp;strrchr
</UL>
<BR>[Called By]<UL><LI><a href="#[fd]">&gt;&gt;</a>&nbsp;&nbsp;&nbsp;IOT_Log_Gen
</UL>

<P><STRONG><a name="[13c]"></a>_free_mebedtls</STRONG> (Thumb, 46 bytes, Stack size 8 bytes, hal_tls_mbedtls.o(.text._free_mebedtls))
<BR><BR>[Stack]<UL><LI>Max Depth = 592 + Unknown Stack Size
<LI>Call Chain = _free_mebedtls &rArr; mbedtls_ssl_free &rArr; mbedtls_debug_print_msg &rArr; vsnprintf
</UL>
<BR>[Calls]<UL><LI><a href="#[89]">&gt;&gt;</a>&nbsp;&nbsp;&nbsp;HAL_Free
<LI><a href="#[144]">&gt;&gt;</a>&nbsp;&nbsp;&nbsp;mbedtls_net_free
<LI><a href="#[148]">&gt;&gt;</a>&nbsp;&nbsp;&nbsp;mbedtls_entropy_free
<LI><a href="#[147]">&gt;&gt;</a>&nbsp;&nbsp;&nbsp;mbedtls_ctr_drbg_free
<LI><a href="#[145]">&gt;&gt;</a>&nbsp;&nbsp;&nbsp;mbedtls_ssl_free
<LI><a href="#[146]">&gt;&gt;</a>&nbsp;&nbsp;&nbsp;mbedtls_ssl_config_free
</UL>
<BR>[Called By]<UL><LI><a href="#[136]">&gt;&gt;</a>&nbsp;&nbsp;&nbsp;HAL_TLS_Connect
</UL>

<P><STRONG><a name="[137]"></a>_mbedtls_client_init</STRONG> (Thumb, 372 bytes, Stack size 40 bytes, hal_tls_mbedtls.o(.text._mbedtls_client_init))
<BR><BR>[Stack]<UL><LI>Max Depth = 1068 + Unknown Stack Size
<LI>Call Chain = _mbedtls_client_init &rArr; mbedtls_ctr_drbg_seed &rArr; mbedtls_ctr_drbg_seed_entropy_len &rArr; mbedtls_ctr_drbg_reseed &rArr; block_cipher_df &rArr; mbedtls_aes_crypt_ecb &rArr; mbedtls_internal_aes_encrypt
</UL>
<BR>[Calls]<UL><LI><a href="#[fd]">&gt;&gt;</a>&nbsp;&nbsp;&nbsp;IOT_Log_Gen
<LI><a href="#[219]">&gt;&gt;</a>&nbsp;&nbsp;&nbsp;mbedtls_net_init
<LI><a href="#[21d]">&gt;&gt;</a>&nbsp;&nbsp;&nbsp;mbedtls_entropy_init
<LI><a href="#[21e]">&gt;&gt;</a>&nbsp;&nbsp;&nbsp;mbedtls_ctr_drbg_seed
<LI><a href="#[21c]">&gt;&gt;</a>&nbsp;&nbsp;&nbsp;mbedtls_ctr_drbg_init
<LI><a href="#[21a]">&gt;&gt;</a>&nbsp;&nbsp;&nbsp;mbedtls_ssl_init
<LI><a href="#[21b]">&gt;&gt;</a>&nbsp;&nbsp;&nbsp;mbedtls_ssl_config_init
<LI><a href="#[21f]">&gt;&gt;</a>&nbsp;&nbsp;&nbsp;mbedtls_ssl_conf_psk
<LI><a href="#[177]">&gt;&gt;</a>&nbsp;&nbsp;&nbsp;strlen
</UL>
<BR>[Called By]<UL><LI><a href="#[136]">&gt;&gt;</a>&nbsp;&nbsp;&nbsp;HAL_TLS_Connect
</UL>

<P><STRONG><a name="[44e]"></a>_fp_digits</STRONG> (Thumb, 366 bytes, Stack size 64 bytes, printfa.o(i._fp_digits), UNUSED)
<BR><BR>[Calls]<UL><LI><a href="#[e1]">&gt;&gt;</a>&nbsp;&nbsp;&nbsp;__aeabi_ddiv
<LI><a href="#[d5]">&gt;&gt;</a>&nbsp;&nbsp;&nbsp;__aeabi_uldivmod
<LI><a href="#[e0]">&gt;&gt;</a>&nbsp;&nbsp;&nbsp;__aeabi_dmul
<LI><a href="#[e9]">&gt;&gt;</a>&nbsp;&nbsp;&nbsp;__aeabi_dadd
<LI><a href="#[ed]">&gt;&gt;</a>&nbsp;&nbsp;&nbsp;__aeabi_d2ulz
<LI><a href="#[44f]">&gt;&gt;</a>&nbsp;&nbsp;&nbsp;__aeabi_cdrcmple
</UL>
<BR>[Called By]<UL><LI><a href="#[44a]">&gt;&gt;</a>&nbsp;&nbsp;&nbsp;_printf_core
</UL>

<P><STRONG><a name="[44a]"></a>_printf_core</STRONG> (Thumb, 1744 bytes, Stack size 136 bytes, printfa.o(i._printf_core), UNUSED)
<BR><BR>[Calls]<UL><LI><a href="#[d5]">&gt;&gt;</a>&nbsp;&nbsp;&nbsp;__aeabi_uldivmod
<LI><a href="#[452]">&gt;&gt;</a>&nbsp;&nbsp;&nbsp;__aeabi_uidivmod
<LI><a href="#[450]">&gt;&gt;</a>&nbsp;&nbsp;&nbsp;_printf_pre_padding
<LI><a href="#[451]">&gt;&gt;</a>&nbsp;&nbsp;&nbsp;_printf_post_padding
<LI><a href="#[44e]">&gt;&gt;</a>&nbsp;&nbsp;&nbsp;_fp_digits
</UL>
<BR>[Called By]<UL><LI><a href="#[44d]">&gt;&gt;</a>&nbsp;&nbsp;&nbsp;__0vsnprintf
<LI><a href="#[44c]">&gt;&gt;</a>&nbsp;&nbsp;&nbsp;__0vprintf
<LI><a href="#[44b]">&gt;&gt;</a>&nbsp;&nbsp;&nbsp;__0snprintf
<LI><a href="#[449]">&gt;&gt;</a>&nbsp;&nbsp;&nbsp;__0printf
</UL>

<P><STRONG><a name="[451]"></a>_printf_post_padding</STRONG> (Thumb, 36 bytes, Stack size 24 bytes, printfa.o(i._printf_post_padding), UNUSED)
<BR><BR>[Called By]<UL><LI><a href="#[44a]">&gt;&gt;</a>&nbsp;&nbsp;&nbsp;_printf_core
</UL>

<P><STRONG><a name="[450]"></a>_printf_pre_padding</STRONG> (Thumb, 46 bytes, Stack size 24 bytes, printfa.o(i._printf_pre_padding), UNUSED)
<BR><BR>[Called By]<UL><LI><a href="#[44a]">&gt;&gt;</a>&nbsp;&nbsp;&nbsp;_printf_core
</UL>

<P><STRONG><a name="[90]"></a>_snputc</STRONG> (Thumb, 22 bytes, Stack size 0 bytes, printfa.o(i._snputc))
<BR>[Address Reference Count : 2]<UL><LI> printfa.o(i.__0vsnprintf)
<LI> printfa.o(i.__0snprintf)
</UL>
<P><STRONG><a name="[de]"></a>_fp_value</STRONG> (Thumb, 296 bytes, Stack size 64 bytes, scanf_fp.o(.text), UNUSED)
<BR><BR>[Calls]<UL><LI><a href="#[e1]">&gt;&gt;</a>&nbsp;&nbsp;&nbsp;__aeabi_ddiv
<LI><a href="#[df]">&gt;&gt;</a>&nbsp;&nbsp;&nbsp;__aeabi_ul2d
<LI><a href="#[e0]">&gt;&gt;</a>&nbsp;&nbsp;&nbsp;__aeabi_dmul
</UL>
<BR>[Called By]<UL><LI><a href="#[e2]">&gt;&gt;</a>&nbsp;&nbsp;&nbsp;_scanf_really_real
</UL>

<P><STRONG><a name="[5a]"></a>_scanf_char_input</STRONG> (Thumb, 12 bytes, Stack size 0 bytes, scanf_char.o(.text))
<BR>[Address Reference Count : 1]<UL><LI> scanf_char.o(.text)
</UL><P>
<H3>
Undefined Global Symbols
</H3><HR></body></html>
